../Core/Inc/hal.h:12:20:chiprev	16	static
../Core/Src/main.c:88:10:mg_millis	16	static
../Core/Src/main.c:92:6:mg_random	24	static
../Core/Src/main.c:101:13:timer_fn	56	static
../Core/Src/main.c:115:5:main	224	static
../Core/Src/main.c:192:6:SystemClock_Config	120	static
../Core/Src/main.c:252:13:MX_ETH_Init	8	static
../Core/Src/main.c:301:13:MX_RNG_Init	8	static
../Core/Src/main.c:328:13:MX_USART3_UART_Init	8	static
../Core/Src/main.c:376:13:MX_USB_OTG_HS_USB_Init	4	static
../Core/Src/main.c:397:13:MX_GPIO_Init	56	static
../Core/Src/main.c:480:6:Error_Handler	4	static,ignoring_inline_asm
