Archive member included to satisfy reference by file (symbol)

C:/ST/STM32CubeIDE_1.13.1/STM32CubeIDE/plugins/com.st.stm32cube.ide.mcu.externaltools.gnu-tools-for-stm32.11.3.rel1.win32_1.1.0.202305231506/tools/bin/../lib/gcc/arm-none-eabi/11.3.1/../../../../arm-none-eabi/lib/thumb/v7e-m+dp/hard\libc_nano.a(libc_a-assert.o)
                              ./Core/Src/mongoose.o (__assert_func)
C:/ST/STM32CubeIDE_1.13.1/STM32CubeIDE/plugins/com.st.stm32cube.ide.mcu.externaltools.gnu-tools-for-stm32.11.3.rel1.win32_1.1.0.202305231506/tools/bin/../lib/gcc/arm-none-eabi/11.3.1/../../../../arm-none-eabi/lib/thumb/v7e-m+dp/hard\libc_nano.a(libc_a-atoi.o)
                              ./Core/Src/mongoose.o (atoi)
C:/ST/STM32CubeIDE_1.13.1/STM32CubeIDE/plugins/com.st.stm32cube.ide.mcu.externaltools.gnu-tools-for-stm32.11.3.rel1.win32_1.1.0.202305231506/tools/bin/../lib/gcc/arm-none-eabi/11.3.1/../../../../arm-none-eabi/lib/thumb/v7e-m+dp/hard\libc_nano.a(libc_a-calloc.o)
                              ./Core/Src/mongoose.o (calloc)
C:/ST/STM32CubeIDE_1.13.1/STM32CubeIDE/plugins/com.st.stm32cube.ide.mcu.externaltools.gnu-tools-for-stm32.11.3.rel1.win32_1.1.0.202305231506/tools/bin/../lib/gcc/arm-none-eabi/11.3.1/../../../../arm-none-eabi/lib/thumb/v7e-m+dp/hard\libc_nano.a(libc_a-callocr.o)
                              C:/ST/STM32CubeIDE_1.13.1/STM32CubeIDE/plugins/com.st.stm32cube.ide.mcu.externaltools.gnu-tools-for-stm32.11.3.rel1.win32_1.1.0.202305231506/tools/bin/../lib/gcc/arm-none-eabi/11.3.1/../../../../arm-none-eabi/lib/thumb/v7e-m+dp/hard\libc_nano.a(libc_a-calloc.o) (_calloc_r)
C:/ST/STM32CubeIDE_1.13.1/STM32CubeIDE/plugins/com.st.stm32cube.ide.mcu.externaltools.gnu-tools-for-stm32.11.3.rel1.win32_1.1.0.202305231506/tools/bin/../lib/gcc/arm-none-eabi/11.3.1/../../../../arm-none-eabi/lib/thumb/v7e-m+dp/hard\libc_nano.a(libc_a-exit.o)
                              C:/ST/STM32CubeIDE_1.13.1/STM32CubeIDE/plugins/com.st.stm32cube.ide.mcu.externaltools.gnu-tools-for-stm32.11.3.rel1.win32_1.1.0.202305231506/tools/bin/../lib/gcc/arm-none-eabi/11.3.1/../../../../arm-none-eabi/lib/thumb/v7e-m+dp/hard/crt0.o (exit)
C:/ST/STM32CubeIDE_1.13.1/STM32CubeIDE/plugins/com.st.stm32cube.ide.mcu.externaltools.gnu-tools-for-stm32.11.3.rel1.win32_1.1.0.202305231506/tools/bin/../lib/gcc/arm-none-eabi/11.3.1/../../../../arm-none-eabi/lib/thumb/v7e-m+dp/hard\libc_nano.a(libc_a-malloc.o)
                              ./Core/Src/mongoose.o (free)
C:/ST/STM32CubeIDE_1.13.1/STM32CubeIDE/plugins/com.st.stm32cube.ide.mcu.externaltools.gnu-tools-for-stm32.11.3.rel1.win32_1.1.0.202305231506/tools/bin/../lib/gcc/arm-none-eabi/11.3.1/../../../../arm-none-eabi/lib/thumb/v7e-m+dp/hard\libc_nano.a(libc_a-mallocr.o)
                              C:/ST/STM32CubeIDE_1.13.1/STM32CubeIDE/plugins/com.st.stm32cube.ide.mcu.externaltools.gnu-tools-for-stm32.11.3.rel1.win32_1.1.0.202305231506/tools/bin/../lib/gcc/arm-none-eabi/11.3.1/../../../../arm-none-eabi/lib/thumb/v7e-m+dp/hard\libc_nano.a(libc_a-callocr.o) (_malloc_r)
C:/ST/STM32CubeIDE_1.13.1/STM32CubeIDE/plugins/com.st.stm32cube.ide.mcu.externaltools.gnu-tools-for-stm32.11.3.rel1.win32_1.1.0.202305231506/tools/bin/../lib/gcc/arm-none-eabi/11.3.1/../../../../arm-none-eabi/lib/thumb/v7e-m+dp/hard\libc_nano.a(libc_a-mlock.o)
                              C:/ST/STM32CubeIDE_1.13.1/STM32CubeIDE/plugins/com.st.stm32cube.ide.mcu.externaltools.gnu-tools-for-stm32.11.3.rel1.win32_1.1.0.202305231506/tools/bin/../lib/gcc/arm-none-eabi/11.3.1/../../../../arm-none-eabi/lib/thumb/v7e-m+dp/hard\libc_nano.a(libc_a-mallocr.o) (__malloc_lock)
C:/ST/STM32CubeIDE_1.13.1/STM32CubeIDE/plugins/com.st.stm32cube.ide.mcu.externaltools.gnu-tools-for-stm32.11.3.rel1.win32_1.1.0.202305231506/tools/bin/../lib/gcc/arm-none-eabi/11.3.1/../../../../arm-none-eabi/lib/thumb/v7e-m+dp/hard\libc_nano.a(libc_a-rand.o)
                              ./Core/Src/mongoose.o (srand)
C:/ST/STM32CubeIDE_1.13.1/STM32CubeIDE/plugins/com.st.stm32cube.ide.mcu.externaltools.gnu-tools-for-stm32.11.3.rel1.win32_1.1.0.202305231506/tools/bin/../lib/gcc/arm-none-eabi/11.3.1/../../../../arm-none-eabi/lib/thumb/v7e-m+dp/hard\libc_nano.a(libc_a-strtol.o)
                              C:/ST/STM32CubeIDE_1.13.1/STM32CubeIDE/plugins/com.st.stm32cube.ide.mcu.externaltools.gnu-tools-for-stm32.11.3.rel1.win32_1.1.0.202305231506/tools/bin/../lib/gcc/arm-none-eabi/11.3.1/../../../../arm-none-eabi/lib/thumb/v7e-m+dp/hard\libc_nano.a(libc_a-atoi.o) (_strtol_r)
C:/ST/STM32CubeIDE_1.13.1/STM32CubeIDE/plugins/com.st.stm32cube.ide.mcu.externaltools.gnu-tools-for-stm32.11.3.rel1.win32_1.1.0.202305231506/tools/bin/../lib/gcc/arm-none-eabi/11.3.1/../../../../arm-none-eabi/lib/thumb/v7e-m+dp/hard\libc_nano.a(libc_a-ctype_.o)
[...]
Memory Configuration

Name             Origin             Length             Attributes
ITCMRAM          0x0000000000000000 0x0000000000010000 xrw
DTCMRAM          0x0000000020000000 0x0000000000020000 xrw
FLASH            0x0000000008000000 0x0000000000100000 xr
RAM_D1           0x0000000024000000 0x0000000000050000 xrw
RAM_D2           0x0000000030000000 0x0000000000008000 xrw
RAM_D3           0x0000000038000000 0x0000000000004000 xrw
*default*        0x0000000000000000 0xffffffffffffffff

Linker script and memory map

LOAD C:/ST/STM32CubeIDE_1.13.1/STM32CubeIDE/plugins/com.st.stm32cube.ide.mcu.externaltools.gnu-tools-for-stm32.11.3.rel1.win32_1.1.0.202305231506/tools/bin/../lib/gcc/arm-none-eabi/11.3.1/thumb/v7e-m+dp/hard/crti.o
LOAD C:/ST/STM32CubeIDE_1.13.1/STM32CubeIDE/plugins/com.st.stm32cube.ide.mcu.externaltools.gnu-tools-for-stm32.11.3.rel1.win32_1.1.0.202305231506/tools/bin/../lib/gcc/arm-none-eabi/11.3.1/thumb/v7e-m+dp/hard/crtbegin.o
LOAD C:/ST/STM32CubeIDE_1.13.1/STM32CubeIDE/plugins/com.st.stm32cube.ide.mcu.externaltools.gnu-tools-for-stm32.11.3.rel1.win32_1.1.0.202305231506/tools/bin/../lib/gcc/arm-none-eabi/11.3.1/../../../../arm-none-eabi/lib/thumb/v7e-m+dp/hard/crt0.o
LOAD ./Core/Src/main.o
LOAD ./Core/Src/mongoose.o
LOAD ./Core/Src/net.o
LOAD ./Core/Src/packed_fs.o
LOAD ./Core/Src/stm32h7xx_hal_msp.o
LOAD ./Core/Src/stm32h7xx_it.o
LOAD ./Core/Src/syscalls.o
LOAD ./Core/Src/sysmem.o
LOAD ./Core/Src/system_stm32h7xx.o
LOAD ./Core/Startup/startup_stm32h723zgtx.o
LOAD ./Drivers/STM32H7xx_HAL_Driver/Src/stm32h7xx_hal.o
LOAD ./Drivers/STM32H7xx_HAL_Driver/Src/stm32h7xx_hal_cortex.o
LOAD ./Drivers/STM32H7xx_HAL_Driver/Src/stm32h7xx_hal_dma.o
LOAD ./Drivers/STM32H7xx_HAL_Driver/Src/stm32h7xx_hal_dma_ex.o
LOAD ./Drivers/STM32H7xx_HAL_Driver/Src/stm32h7xx_hal_eth.o
LOAD ./Drivers/STM32H7xx_HAL_Driver/Src/stm32h7xx_hal_eth_ex.o
LOAD ./Drivers/STM32H7xx_HAL_Driver/Src/stm32h7xx_hal_exti.o
LOAD ./Drivers/STM32H7xx_HAL_Driver/Src/stm32h7xx_hal_flash.o
LOAD ./Drivers/STM32H7xx_HAL_Driver/Src/stm32h7xx_hal_flash_ex.o
LOAD ./Drivers/STM32H7xx_HAL_Driver/Src/stm32h7xx_hal_gpio.o
LOAD ./Drivers/STM32H7xx_HAL_Driver/Src/stm32h7xx_hal_hsem.o
LOAD ./Drivers/STM32H7xx_HAL_Driver/Src/stm32h7xx_hal_i2c.o
LOAD ./Drivers/STM32H7xx_HAL_Driver/Src/stm32h7xx_hal_i2c_ex.o
LOAD ./Drivers/STM32H7xx_HAL_Driver/Src/stm32h7xx_hal_mdma.o
LOAD ./Drivers/STM32H7xx_HAL_Driver/Src/stm32h7xx_hal_pwr.o
LOAD ./Drivers/STM32H7xx_HAL_Driver/Src/stm32h7xx_hal_pwr_ex.o
LOAD ./Drivers/STM32H7xx_HAL_Driver/Src/stm32h7xx_hal_rcc.o
LOAD ./Drivers/STM32H7xx_HAL_Driver/Src/stm32h7xx_hal_rcc_ex.o
LOAD ./Drivers/STM32H7xx_HAL_Driver/Src/stm32h7xx_hal_rng.o
LOAD ./Drivers/STM32H7xx_HAL_Driver/Src/stm32h7xx_hal_rng_ex.o
LOAD ./Drivers/STM32H7xx_HAL_Driver/Src/stm32h7xx_hal_tim.o
LOAD ./Drivers/STM32H7xx_HAL_Driver/Src/stm32h7xx_hal_tim_ex.o
LOAD ./Drivers/STM32H7xx_HAL_Driver/Src/stm32h7xx_hal_uart.o
LOAD ./Drivers/STM32H7xx_HAL_Driver/Src/stm32h7xx_hal_uart_ex.o
START GROUP
LOAD C:/ST/STM32CubeIDE_1.13.1/STM32CubeIDE/plugins/com.st.stm32cube.ide.mcu.externaltools.gnu-tools-for-stm32.11.3.rel1.win32_1.1.0.202305231506/tools/bin/../lib/gcc/arm-none-eabi/11.3.1/../../../../arm-none-eabi/lib/thumb/v7e-m+dp/hard\libc_nano.a
LOAD C:/ST/STM32CubeIDE_1.13.1/STM32CubeIDE/plugins/com.st.stm32cube.ide.mcu.externaltools.gnu-tools-for-stm32.11.3.rel1.win32_1.1.0.202305231506/tools/bin/../lib/gcc/arm-none-eabi/11.3.1/../../../../arm-none-eabi/lib/thumb/v7e-m+dp/hard\libm.a
END GROUP
START GROUP
LOAD C:/ST/STM32CubeIDE_1.13.1/STM32CubeIDE/plugins/com.st.stm32cube.ide.mcu.externaltools.gnu-tools-for-stm32.11.3.rel1.win32_1.1.0.202305231506/tools/bin/../lib/gcc/arm-none-eabi/11.3.1/thumb/v7e-m+dp/hard\libgcc.a
LOAD C:/ST/STM32CubeIDE_1.13.1/STM32CubeIDE/plugins/com.st.stm32cube.ide.mcu.externaltools.gnu-tools-for-stm32.11.3.rel1.win32_1.1.0.202305231506/tools/bin/../lib/gcc/arm-none-eabi/11.3.1/../../../../arm-none-eabi/lib/thumb/v7e-m+dp/hard\libc_nano.a
END GROUP
START GROUP
LOAD C:/ST/STM32CubeIDE_1.13.1/STM32CubeIDE/plugins/com.st.stm32cube.ide.mcu.externaltools.gnu-tools-for-stm32.11.3.rel1.win32_1.1.0.202305231506/tools/bin/../lib/gcc/arm-none-eabi/11.3.1/thumb/v7e-m+dp/hard\libgcc.a
LOAD C:/ST/STM32CubeIDE_1.13.1/STM32CubeIDE/plugins/com.st.stm32cube.ide.mcu.externaltools.gnu-tools-for-stm32.11.3.rel1.win32_1.1.0.202305231506/tools/bin/../lib/gcc/arm-none-eabi/11.3.1/../../../../arm-none-eabi/lib/thumb/v7e-m+dp/hard\libc_nano.a
LOAD C:/ST/STM32CubeIDE_1.13.1/STM32CubeIDE/plugins/com.st.stm32cube.ide.mcu.externaltools.gnu-tools-for-stm32.11.3.rel1.win32_1.1.0.202305231506/tools/bin/../lib/gcc/arm-none-eabi/11.3.1/../../../../arm-none-eabi/lib/thumb/v7e-m+dp/hard\libnosys.a
END GROUP
START GROUP
LOAD C:/ST/STM32CubeIDE_1.13.1/STM32CubeIDE/plugins/com.st.stm32cube.ide.mcu.externaltools.gnu-tools-for-stm32.11.3.rel1.win32_1.1.0.202305231506/tools/bin/../lib/gcc/arm-none-eabi/11.3.1/thumb/v7e-m+dp/hard\libgcc.a
LOAD C:/ST/STM32CubeIDE_1.13.1/STM32CubeIDE/plugins/com.st.stm32cube.ide.mcu.externaltools.gnu-tools-for-stm32.11.3.rel1.win32_1.1.0.202305231506/tools/bin/../lib/gcc/arm-none-eabi/11.3.1/../../../../arm-none-eabi/lib/thumb/v7e-m+dp/hard\libc_nano.a
LOAD C:/ST/STM32CubeIDE_1.13.1/STM32CubeIDE/plugins/com.st.stm32cube.ide.mcu.externaltools.gnu-tools-for-stm32.11.3.rel1.win32_1.1.0.202305231506/tools/bin/../lib/gcc/arm-none-eabi/11.3.1/../../../../arm-none-eabi/lib/thumb/v7e-m+dp/hard\libnosys.a
END GROUP
LOAD C:/ST/STM32CubeIDE_1.13.1/STM32CubeIDE/plugins/com.st.stm32cube.ide.mcu.externaltools.gnu-tools-for-stm32.11.3.rel1.win32_1.1.0.202305231506/tools/bin/../lib/gcc/arm-none-eabi/11.3.1/thumb/v7e-m+dp/hard/crtend.o
LOAD C:/ST/STM32CubeIDE_1.13.1/STM32CubeIDE/plugins/com.st.stm32cube.ide.mcu.externaltools.gnu-tools-for-stm32.11.3.rel1.win32_1.1.0.202305231506/tools/bin/../lib/gcc/arm-none-eabi/11.3.1/thumb/v7e-m+dp/hard/crtn.o
                0x0000000024050000                _estack = (ORIGIN (RAM_D1) + LENGTH (RAM_D1))
                0x0000000000000200                _Min_Heap_Size = 0x200
                0x0000000000000400                _Min_Stack_Size = 0x400

.isr_vector     0x0000000008000000      0x2cc
                0x0000000008000000                . = ALIGN (0x4)
 *(.isr_vector)
 .isr_vector    0x0000000008000000      0x2cc ./Core/Startup/startup_stm32h723zgtx.o
                0x0000000008000000                g_pfnVectors
                0x00000000080002cc                . = ALIGN (0x4)

.text           0x00000000080002d0    0x13e90
                0x00000000080002d0                . = ALIGN (0x4)
 *(.text)
 .text          0x00000000080002d0       0x40 C:/ST/STM32CubeIDE_1.13.1/STM32CubeIDE/plugins/com.st.stm32cube.ide.mcu.externaltools.gnu-tools-for-stm32.11.3.rel1.win32_1.1.0.202305231506/tools/bin/../lib/gcc/arm-none-eabi/11.3.1/thumb/v7e-m+dp/hard/crtbegin.o
 .text          0x0000000008000310       0x14 C:/ST/STM32CubeIDE_1.13.1/STM32CubeIDE/plugins/com.st.stm32cube.ide.mcu.externaltools.gnu-tools-for-stm32.11.3.rel1.win32_1.1.0.202305231506/tools/bin/../lib/gcc/arm-none-eabi/11.3.1/../../../../arm-none-eabi/lib/thumb/v7e-m+dp/hard\libc_nano.a(libc_a-strcmp.o)
                0x0000000008000310                strcmp
 *fill*         0x0000000008000324        0xc 
 .text          0x0000000008000330       0xa0 C:/ST/STM32CubeIDE_1.13.1/STM32CubeIDE/plugins/com.st.stm32cube.ide.mcu.externaltools.gnu-tools-for-stm32.11.3.rel1.win32_1.1.0.202305231506/tools/bin/../lib/gcc/arm-none-eabi/11.3.1/../../../../arm-none-eabi/lib/thumb/v7e-m+dp/hard\libc_nano.a(libc_a-memchr.o)
                0x0000000008000330                memchr
 .text          0x00000000080003d0       0x10 C:/ST/STM32CubeIDE_1.13.1/STM32CubeIDE/plugins/com.st.stm32cube.ide.mcu.externaltools.gnu-tools-for-stm32.11.3.rel1.win32_1.1.0.202305231506/tools/bin/../lib/gcc/arm-none-eabi/11.3.1/../../../../arm-none-eabi/lib/thumb/v7e-m+dp/hard\libc_nano.a(libc_a-strlen.o)
                0x00000000080003d0                strlen
 .text          0x00000000080003e0      0x378 C:/ST/STM32CubeIDE_1.13.1/STM32CubeIDE/plugins/com.st.stm32cube.ide.mcu.externaltools.gnu-tools-for-stm32.11.3.rel1.win32_1.1.0.202305231506/tools/bin/../lib/gcc/arm-none-eabi/11.3.1/thumb/v7e-m+dp/hard\libgcc.a(_arm_addsubdf3.o)
                0x00000000080003e0                __aeabi_drsub
                0x00000000080003e8                __aeabi_dsub
                0x00000000080003e8                __subdf3
                0x00000000080003ec                __aeabi_dadd
                0x00000000080003ec                __adddf3
                0x0000000008000664                __floatunsidf
                0x0000000008000664                __aeabi_ui2d
                0x0000000008000684                __floatsidf
                0x0000000008000684                __aeabi_i2d
                0x00000000080006a8                __aeabi_f2d
                0x00000000080006a8                __extendsfdf2
                0x00000000080006ec                __floatundidf
                0x00000000080006ec                __aeabi_ul2d
                0x00000000080006fc                __floatdidf
                0x00000000080006fc                __aeabi_l2d
 .text          0x0000000008000758       0xa0 C:/ST/STM32CubeIDE_1.13.1/STM32CubeIDE/plugins/com.st.stm32cube.ide.mcu.externaltools.gnu-tools-for-stm32.11.3.rel1.win32_1.1.0.202305231506/tools/bin/../lib/gcc/arm-none-eabi/11.3.1/thumb/v7e-m+dp/hard\libgcc.a(_aeabi_ldivmod.o)
                0x0000000008000758                __aeabi_ldivmod
 .text          0x00000000080007f8       0x30 C:/ST/STM32CubeIDE_1.13.1/STM32CubeIDE/plugins/com.st.stm32cube.ide.mcu.externaltools.gnu-tools-for-stm32.11.3.rel1.win32_1.1.0.202305231506/tools/bin/../lib/gcc/arm-none-eabi/11.3.1/thumb/v7e-m+dp/hard\libgcc.a(_aeabi_uldivmod.o)
                0x00000000080007f8                __aeabi_uldivmod
 .text          0x0000000008000828       0x30 C:/ST/STM32CubeIDE_1.13.1/STM32CubeIDE/plugins/com.st.stm32cube.ide.mcu.externaltools.gnu-tools-for-stm32.11.3.rel1.win32_1.1.0.202305231506/tools/bin/../lib/gcc/arm-none-eabi/11.3.1/thumb/v7e-m+dp/hard\libgcc.a(_fixdfdi.o)
                0x0000000008000828                __fixdfdi
                0x0000000008000828                __aeabi_d2lz
 .text          0x0000000008000858       0x40 C:/ST/STM32CubeIDE_1.13.1/STM32CubeIDE/plugins/com.st.stm32cube.ide.mcu.externaltools.gnu-tools-for-stm32.11.3.rel1.win32_1.1.0.202305231506/tools/bin/../lib/gcc/arm-none-eabi/11.3.1/thumb/v7e-m+dp/hard\libgcc.a(_fixunsdfdi.o)
                0x0000000008000858                __fixunsdfdi
                0x0000000008000858                __aeabi_d2ulz
 .text          0x0000000008000898      0x2c8 C:/ST/STM32CubeIDE_1.13.1/STM32CubeIDE/plugins/com.st.stm32cube.ide.mcu.externaltools.gnu-tools-for-stm32.11.3.rel1.win32_1.1.0.202305231506/tools/bin/../lib/gcc/arm-none-eabi/11.3.1/thumb/v7e-m+dp/hard\libgcc.a(_udivmoddi4.o)
                0x0000000008000898                __udivmoddi4
 .text          0x0000000008000b60        0x4 C:/ST/STM32CubeIDE_1.13.1/STM32CubeIDE/plugins/com.st.stm32cube.ide.mcu.externaltools.gnu-tools-for-stm32.11.3.rel1.win32_1.1.0.202305231506/tools/bin/../lib/gcc/arm-none-eabi/11.3.1/thumb/v7e-m+dp/hard\libgcc.a(_dvmd_tls.o)
                0x0000000008000b60                __aeabi_idiv0
                0x0000000008000b60                __aeabi_ldiv0
 *(.text*)
 .text.chiprev  0x0000000008000b64       0x3c ./Core/Src/main.o
 .text.mg_millis
                0x0000000008000ba0       0x1a ./Core/Src/main.o
                0x0000000008000ba0                mg_millis
 *fill*         0x0000000008000bba        0x2 
 .text.mg_random
                0x0000000008000bbc       0x5c ./Core/Src/main.o
                0x0000000008000bbc                mg_random
 .text.timer_fn
                0x0000000008000c18       0x8c ./Core/Src/main.o
 *fill*         0x0000000008000ca4        0x4 
 .text.main     0x0000000008000ca8      0x1a8 ./Core/Src/main.o
                0x0000000008000ca8                main
 .text.SystemClock_Config
                0x0000000008000e50       0xe0 ./Core/Src/main.o
                0x0000000008000e50                SystemClock_Config
 .text.MX_ETH_Init
                0x0000000008000f30       0x98 ./Core/Src/main.o
 .text.MX_RNG_Init
                0x0000000008000fc8       0x2c ./Core/Src/main.o
 .text.MX_USART3_UART_Init
                0x0000000008000ff4       0x98 ./Core/Src/main.o
 .text.MX_USB_OTG_HS_USB_Init
                0x000000000800108c        0xe ./Core/Src/main.o
 *fill*         0x000000000800109a        0x2 
 .text.MX_GPIO_Init
                0x000000000800109c      0x1f8 ./Core/Src/main.o
 .text.Error_Handler
                0x0000000008001294        0xa ./Core/Src/main.o
                0x0000000008001294                Error_Handler
 .text.mg_b64rev
                0x000000000800129e       0x6c ./Core/Src/mongoose.o
 .text.mg_base64_decode
                0x000000000800130a      0x11e ./Core/Src/mongoose.o
                0x000000000800130a                mg_base64_decode
 .text.mg_dns_free
                0x0000000008001428       0x3a ./Core/Src/mongoose.o
 .text.mg_resolve_cancel
                0x0000000008001462       0x3e ./Core/Src/mongoose.o
                0x0000000008001462                mg_resolve_cancel
 .text.mg_dns_parse_name_depth
                0x00000000080014a0      0x160 ./Core/Src/mongoose.o
 .text.mg_dns_parse_name
                0x0000000008001600       0x30 ./Core/Src/mongoose.o
 .text.mg_dns_parse_rr
                0x0000000008001630      0x124 ./Core/Src/mongoose.o
                0x0000000008001630                mg_dns_parse_rr
 .text.mg_dns_parse
                0x0000000008001754      0x172 ./Core/Src/mongoose.o
                0x0000000008001754                mg_dns_parse
 *fill*         0x00000000080018c6        0x2 
 .text.dns_cb   0x00000000080018c8      0x30c ./Core/Src/mongoose.o
 .text.mg_dns_send
                0x0000000008001bd4      0x1c0 ./Core/Src/mongoose.o
 .text.mg_sendnsreq
                0x0000000008001d94      0x170 ./Core/Src/mongoose.o
 .text.mg_resolve
                0x0000000008001f04       0x88 ./Core/Src/mongoose.o
                0x0000000008001f04                mg_resolve
 .text.mg_call  0x0000000008001f8c       0x44 ./Core/Src/mongoose.o
                0x0000000008001f8c                mg_call
 .text.mg_error
                0x0000000008001fd0       0x7c ./Core/Src/mongoose.o
                0x0000000008001fd0                mg_error
 .text.is_digit
                0x000000000800204c       0x2c ./Core/Src/mongoose.o
 .text.addexp   0x0000000008002078      0x104 ./Core/Src/mongoose.o
 .text.xisinf   0x000000000800217c       0x50 ./Core/Src/mongoose.o
 .text.xisnan   0x00000000080021cc       0x58 ./Core/Src/mongoose.o
 *fill*         0x0000000008002224        0x4 
 .text.mg_dtoa  0x0000000008002228      0x524 ./Core/Src/mongoose.o
 .text.mg_lld   0x000000000800274c      0x160 ./Core/Src/mongoose.o
 .text.scpy     0x00000000080028ac       0x46 ./Core/Src/mongoose.o
 .text.mg_xprintf
                0x00000000080028f2       0x36 ./Core/Src/mongoose.o
                0x00000000080028f2                mg_xprintf
 .text.mg_vxprintf
                0x0000000008002928      0x748 ./Core/Src/mongoose.o
                0x0000000008002928                mg_vxprintf
 .text.mg_fs_open
                0x0000000008003070       0x50 ./Core/Src/mongoose.o
                0x0000000008003070                mg_fs_open
 .text.mg_fs_close
                0x00000000080030c0       0x2a ./Core/Src/mongoose.o
                0x00000000080030c0                mg_fs_close
 .text.is_dir_prefix
                0x00000000080030ea       0x58 ./Core/Src/mongoose.o
 .text.packed_stat
                0x0000000008003142       0x60 ./Core/Src/mongoose.o
 *fill*         0x00000000080031a2        0x2 
 .text.packed_list
                0x00000000080031a4       0xfc ./Core/Src/mongoose.o
 .text.packed_open
                0x00000000080032a0       0x62 ./Core/Src/mongoose.o
 .text.packed_close
                0x0000000008003302       0x1c ./Core/Src/mongoose.o
 .text.packed_read
                0x000000000800331e       0x56 ./Core/Src/mongoose.o
 .text.packed_write
                0x0000000008003374       0x1a ./Core/Src/mongoose.o
 .text.packed_seek
                0x000000000800338e       0x38 ./Core/Src/mongoose.o
 .text.packed_rename
                0x00000000080033c6       0x18 ./Core/Src/mongoose.o
 .text.packed_remove
                0x00000000080033de       0x16 ./Core/Src/mongoose.o
 .text.packed_mkdir
                0x00000000080033f4       0x16 ./Core/Src/mongoose.o
 .text.p_stat   0x000000000800340a       0x1a ./Core/Src/mongoose.o
 .text.p_list   0x0000000008003424       0x18 ./Core/Src/mongoose.o
 .text.p_open   0x000000000800343c       0x18 ./Core/Src/mongoose.o
 .text.p_close  0x0000000008003454       0x14 ./Core/Src/mongoose.o
 .text.p_read   0x0000000008003468       0x1a ./Core/Src/mongoose.o
 .text.p_write  0x0000000008003482       0x1a ./Core/Src/mongoose.o
 .text.p_seek   0x000000000800349c       0x1a ./Core/Src/mongoose.o
 .text.p_rename
                0x00000000080034b6       0x18 ./Core/Src/mongoose.o
 .text.p_remove
                0x00000000080034ce       0x16 ./Core/Src/mongoose.o
 .text.p_mkdir  0x00000000080034e4       0x16 ./Core/Src/mongoose.o
 *fill*         0x00000000080034fa        0x6 
 .text.mg_to_size_t
                0x0000000008003500      0x128 ./Core/Src/mongoose.o
                0x0000000008003500                mg_to_size_t
 .text.mg_http_var
                0x0000000008003628       0x82 ./Core/Src/mongoose.o
                0x0000000008003628                mg_http_var
 .text.mg_http_get_var
                0x00000000080036aa       0x9a ./Core/Src/mongoose.o
                0x00000000080036aa                mg_http_get_var
 .text.isx      0x0000000008003744       0x44 ./Core/Src/mongoose.o
 .text.mg_url_decode
                0x0000000008003788       0xfc ./Core/Src/mongoose.o
                0x0000000008003788                mg_url_decode
 .text.isok     0x0000000008003884       0x34 ./Core/Src/mongoose.o
 .text.mg_http_get_request_len
                0x00000000080038b8       0x9c ./Core/Src/mongoose.o
                0x00000000080038b8                mg_http_get_request_len
 .text.skip     0x0000000008003954       0x78 ./Core/Src/mongoose.o
 .text.mg_http_get_header
                0x00000000080039cc       0x80 ./Core/Src/mongoose.o
                0x00000000080039cc                mg_http_get_header
 .text.mg_http_parse_headers
                0x0000000008003a4c       0xcc ./Core/Src/mongoose.o
 .text.mg_http_parse
                0x0000000008003b18      0x224 ./Core/Src/mongoose.o
                0x0000000008003b18                mg_http_parse
 .text.mg_http_status_code_str
                0x0000000008003d3c      0x9f8 ./Core/Src/mongoose.o
 .text.mg_http_reply
                0x0000000008004734       0xb0 ./Core/Src/mongoose.o
                0x0000000008004734                mg_http_reply
 .text.restore_http_cb
                0x00000000080047e4       0x38 ./Core/Src/mongoose.o
 .text.mg_http_etag
                0x000000000800481c       0x38 ./Core/Src/mongoose.o
                0x000000000800481c                mg_http_etag
 .text.static_cb
                0x0000000008004854       0xc2 ./Core/Src/mongoose.o
 *fill*         0x0000000008004916        0x2 
 .text.guess_content_type
                0x0000000008004918       0xf4 ./Core/Src/mongoose.o
 .text.getrange
                0x0000000008004a0c      0x124 ./Core/Src/mongoose.o
 .text.mg_http_serve_file
                0x0000000008004b30      0x544 ./Core/Src/mongoose.o
                0x0000000008004b30                mg_http_serve_file
 .text.uri_to_path2
                0x0000000008005074      0x2a8 ./Core/Src/mongoose.o
 .text.uri_to_path
                0x000000000800531c      0x114 ./Core/Src/mongoose.o
 .text.mg_http_serve_dir
                0x0000000008005430       0xa8 ./Core/Src/mongoose.o
                0x0000000008005430                mg_http_serve_dir
 .text.mg_http_creds
                0x00000000080054d8      0x238 ./Core/Src/mongoose.o
                0x00000000080054d8                mg_http_creds
 .text.stripquotes
                0x0000000008005710       0x52 ./Core/Src/mongoose.o
 .text.mg_http_get_header_var
                0x0000000008005762      0x12c ./Core/Src/mongoose.o
                0x0000000008005762                mg_http_get_header_var
 .text.mg_http_match_uri
                0x000000000800588e       0x34 ./Core/Src/mongoose.o
                0x000000000800588e                mg_http_match_uri
 .text.getchunk
                0x00000000080058c2       0xba ./Core/Src/mongoose.o
 .text.mg_is_chunked
                0x000000000800597c       0x48 ./Core/Src/mongoose.o
 .text.deliver_chunked_chunks
                0x00000000080059c4      0x194 ./Core/Src/mongoose.o
 .text.deliver_normal_chunks
                0x0000000008005b58      0x130 ./Core/Src/mongoose.o
 .text.http_cb  0x0000000008005c88      0x244 ./Core/Src/mongoose.o
 .text.mg_http_listen
                0x0000000008005ecc       0x38 ./Core/Src/mongoose.o
                0x0000000008005ecc                mg_http_listen
 .text.zeromem  0x0000000008005f04       0x32 ./Core/Src/mongoose.o
 .text.roundup  0x0000000008005f36       0x34 ./Core/Src/mongoose.o
 *fill*         0x0000000008005f6a        0x2 
 .text.mg_iobuf_resize
                0x0000000008005f6c      0x114 ./Core/Src/mongoose.o
                0x0000000008005f6c                mg_iobuf_resize
 .text.mg_iobuf_add
                0x0000000008006080       0xa4 ./Core/Src/mongoose.o
                0x0000000008006080                mg_iobuf_add
 .text.mg_iobuf_del
                0x0000000008006124       0x96 ./Core/Src/mongoose.o
                0x0000000008006124                mg_iobuf_del
 .text.mg_iobuf_free
                0x00000000080061ba       0x18 ./Core/Src/mongoose.o
                0x00000000080061ba                mg_iobuf_free
 *fill*         0x00000000080061d2        0x2 
 .text.escapeseq
                0x00000000080061d4       0x28 ./Core/Src/mongoose.o
 .text.json_esc
                0x00000000080061fc       0x60 ./Core/Src/mongoose.o
 .text.mg_pass_string
                0x000000000800625c       0x82 ./Core/Src/mongoose.o
 *fill*         0x00000000080062de        0x2 
 .text.mg_atod  0x00000000080062e0      0x2a0 ./Core/Src/mongoose.o
 .text.mg_json_get
                0x0000000008006580      0x628 ./Core/Src/mongoose.o
                0x0000000008006580                mg_json_get
 .text.mg_json_get_num
                0x0000000008006ba8       0x8a ./Core/Src/mongoose.o
                0x0000000008006ba8                mg_json_get_num
 .text.mg_json_get_bool
                0x0000000008006c32       0x78 ./Core/Src/mongoose.o
                0x0000000008006c32                mg_json_get_bool
 .text.mg_json_unescape
                0x0000000008006caa      0x11e ./Core/Src/mongoose.o
                0x0000000008006caa                mg_json_unescape
 .text.mg_json_get_str
                0x0000000008006dc8       0x9c ./Core/Src/mongoose.o
                0x0000000008006dc8                mg_json_get_str
 .text.mg_json_get_long
                0x0000000008006e64       0x44 ./Core/Src/mongoose.o
                0x0000000008006e64                mg_json_get_long
 .text.logc     0x0000000008006ea8       0x28 ./Core/Src/mongoose.o
 .text.logs     0x0000000008006ed0       0x36 ./Core/Src/mongoose.o
 *fill*         0x0000000008006f06        0x2 
 .text.mg_log_set
                0x0000000008006f08       0x44 ./Core/Src/mongoose.o
                0x0000000008006f08                mg_log_set
 .text.mg_log_prefix
                0x0000000008006f4c       0xb4 ./Core/Src/mongoose.o
                0x0000000008006f4c                mg_log_prefix
 .text.mg_log   0x0000000008007000       0x3c ./Core/Src/mongoose.o
                0x0000000008007000                mg_log
 .text.nibble   0x000000000800703c       0x2c ./Core/Src/mongoose.o
 .text.mg_hexdump
                0x0000000008007068      0x168 ./Core/Src/mongoose.o
                0x0000000008007068                mg_hexdump
 .text.mg_vprintf
                0x00000000080071d0       0x38 ./Core/Src/mongoose.o
                0x00000000080071d0                mg_vprintf
 .text.mg_printf
                0x0000000008007208       0x34 ./Core/Src/mongoose.o
                0x0000000008007208                mg_printf
 .text.mg_atonl
                0x000000000800723c       0x50 ./Core/Src/mongoose.o
 .text.mg_atone
                0x000000000800728c       0x36 ./Core/Src/mongoose.o
 .text.mg_aton4
                0x00000000080072c2       0xec ./Core/Src/mongoose.o
 .text.mg_v4mapped
                0x00000000080073ae       0xd0 ./Core/Src/mongoose.o
 .text.mg_aton6
                0x000000000800747e      0x1c2 ./Core/Src/mongoose.o
 .text.mg_aton  0x0000000008007640       0x74 ./Core/Src/mongoose.o
                0x0000000008007640                mg_aton
 .text.mg_alloc_conn
                0x00000000080076b4       0x52 ./Core/Src/mongoose.o
                0x00000000080076b4                mg_alloc_conn
 *fill*         0x0000000008007706        0x2 
 .text.mg_close_conn
                0x0000000008007708       0xc4 ./Core/Src/mongoose.o
                0x0000000008007708                mg_close_conn
 .text.mg_connect
                0x00000000080077cc      0x114 ./Core/Src/mongoose.o
                0x00000000080077cc                mg_connect
 .text.mg_listen
                0x00000000080078e0      0x120 ./Core/Src/mongoose.o
                0x00000000080078e0                mg_listen
 .text.mg_timer_add
                0x0000000008007a00       0x52 ./Core/Src/mongoose.o
                0x0000000008007a00                mg_timer_add
 *fill*         0x0000000008007a52        0x2 
 .text.mg_mgr_init
                0x0000000008007a54       0x40 ./Core/Src/mongoose.o
                0x0000000008007a54                mg_mgr_init
 .text.mg_pfn_iobuf_private
                0x0000000008007a94       0x90 ./Core/Src/mongoose.o
 .text.mg_putchar_iobuf_static
                0x0000000008007b24       0x20 ./Core/Src/mongoose.o
 .text.mg_pfn_iobuf
                0x0000000008007b44       0x20 ./Core/Src/mongoose.o
                0x0000000008007b44                mg_pfn_iobuf
 .text.mg_vsnprintf
                0x0000000008007b64       0x50 ./Core/Src/mongoose.o
                0x0000000008007b64                mg_vsnprintf
 .text.mg_snprintf
                0x0000000008007bb4       0x32 ./Core/Src/mongoose.o
                0x0000000008007bb4                mg_snprintf
 .text.mg_pfn_stdout
                0x0000000008007be6       0x1c ./Core/Src/mongoose.o
                0x0000000008007be6                mg_pfn_stdout
 *fill*         0x0000000008007c02        0x2 
 .text.print_ip4
                0x0000000008007c04       0x48 ./Core/Src/mongoose.o
 .text.print_ip6
                0x0000000008007c4c       0xbc ./Core/Src/mongoose.o
 .text.mg_print_ip4
                0x0000000008007d08       0x2e ./Core/Src/mongoose.o
                0x0000000008007d08                mg_print_ip4
 .text.mg_print_ip
                0x0000000008007d36       0x48 ./Core/Src/mongoose.o
                0x0000000008007d36                mg_print_ip
 *fill*         0x0000000008007d7e        0x2 
 .text.mg_print_ip_port
                0x0000000008007d80       0x4c ./Core/Src/mongoose.o
                0x0000000008007d80                mg_print_ip_port
 .text.mg_print_mac
                0x0000000008007dcc       0x6c ./Core/Src/mongoose.o
                0x0000000008007dcc                mg_print_mac
 .text.mg_esc   0x0000000008007e38       0x7c ./Core/Src/mongoose.o
 .text.mg_escape
                0x0000000008007eb4       0x1a ./Core/Src/mongoose.o
 .text.qcpy     0x0000000008007ece       0x86 ./Core/Src/mongoose.o
 .text.mg_print_esc
                0x0000000008007f54       0x58 ./Core/Src/mongoose.o
                0x0000000008007f54                mg_print_esc
 .text.mg_queue_read_len
                0x0000000008007fac       0x54 ./Core/Src/mongoose.o
 .text.mg_queue_write_len
                0x0000000008008000       0x2c ./Core/Src/mongoose.o
 .text.mg_queue_book
                0x000000000800802c       0xae ./Core/Src/mongoose.o
                0x000000000800802c                mg_queue_book
 *fill*         0x00000000080080da        0x2 
 .text.mg_queue_next
                0x00000000080080dc       0x8c ./Core/Src/mongoose.o
                0x00000000080080dc                mg_queue_next
 .text.mg_queue_add
                0x0000000008008168       0x70 ./Core/Src/mongoose.o
                0x0000000008008168                mg_queue_add
 .text.mg_queue_del
                0x00000000080081d8       0x48 ./Core/Src/mongoose.o
                0x00000000080081d8                mg_queue_del
 .text.gettimestamp
                0x0000000008008220       0xec ./Core/Src/mongoose.o
 .text.mg_sntp_parse
                0x000000000800830c      0x1f8 ./Core/Src/mongoose.o
                0x000000000800830c                mg_sntp_parse
 .text.sntp_cb  0x0000000008008504       0xe8 ./Core/Src/mongoose.o
 *fill*         0x00000000080085ec        0x4 
 .text.mg_sntp_request
                0x00000000080085f0      0x108 ./Core/Src/mongoose.o
                0x00000000080085f0                mg_sntp_request
 .text.mg_sntp_connect
                0x00000000080086f8       0x48 ./Core/Src/mongoose.o
                0x00000000080086f8                mg_sntp_connect
 .text.mg_http_serve_ssi
                0x0000000008008740       0x28 ./Core/Src/mongoose.o
                0x0000000008008740                mg_http_serve_ssi
 .text.mg_str_s
                0x0000000008008768       0x3a ./Core/Src/mongoose.o
                0x0000000008008768                mg_str_s
 .text.mg_str_n
                0x00000000080087a2       0x30 ./Core/Src/mongoose.o
                0x00000000080087a2                mg_str_n
 .text.mg_lower
                0x00000000080087d2       0x2e ./Core/Src/mongoose.o
                0x00000000080087d2                mg_lower
 .text.mg_ncasecmp
                0x0000000008008800       0x5c ./Core/Src/mongoose.o
                0x0000000008008800                mg_ncasecmp
 .text.mg_vcmp  0x000000000800885c       0x48 ./Core/Src/mongoose.o
                0x000000000800885c                mg_vcmp
 .text.mg_vcasecmp
                0x00000000080088a4       0x48 ./Core/Src/mongoose.o
                0x00000000080088a4                mg_vcasecmp
 .text.mg_strcmp
                0x00000000080088ec       0x84 ./Core/Src/mongoose.o
                0x00000000080088ec                mg_strcmp
 .text.mg_strstr
                0x0000000008008970       0x6a ./Core/Src/mongoose.o
                0x0000000008008970                mg_strstr
 .text.mg_match
                0x00000000080089da      0x1ce ./Core/Src/mongoose.o
                0x00000000080089da                mg_match
 .text.mg_globmatch
                0x0000000008008ba8       0x48 ./Core/Src/mongoose.o
                0x0000000008008ba8                mg_globmatch
 .text.mg_nce   0x0000000008008bf0       0xd2 ./Core/Src/mongoose.o
 .text.mg_split
                0x0000000008008cc2       0xe8 ./Core/Src/mongoose.o
                0x0000000008008cc2                mg_split
 .text.mg_commalist
                0x0000000008008daa       0x22 ./Core/Src/mongoose.o
                0x0000000008008daa                mg_commalist
 .text.mg_unhex_nimble
                0x0000000008008dcc       0x44 ./Core/Src/mongoose.o
 .text.mg_unhexn
                0x0000000008008e10       0x4e ./Core/Src/mongoose.o
                0x0000000008008e10                mg_unhexn
 .text.mg_unhex
                0x0000000008008e5e       0x46 ./Core/Src/mongoose.o
                0x0000000008008e5e                mg_unhex
 .text.mg_path_is_sane
                0x0000000008008ea4       0x5a ./Core/Src/mongoose.o
                0x0000000008008ea4                mg_path_is_sane
 .text.mg_timer_init
                0x0000000008008efe       0x58 ./Core/Src/mongoose.o
                0x0000000008008efe                mg_timer_init
 .text.mg_timer_expired
                0x0000000008008f56       0xc8 ./Core/Src/mongoose.o
                0x0000000008008f56                mg_timer_expired
 .text.mg_timer_poll
                0x000000000800901e       0xce ./Core/Src/mongoose.o
                0x000000000800901e                mg_timer_poll
 .text.mg_tls_init
                0x00000000080090ec       0x20 ./Core/Src/mongoose.o
                0x00000000080090ec                mg_tls_init
 .text.mg_tls_handshake
                0x000000000800910c       0x14 ./Core/Src/mongoose.o
                0x000000000800910c                mg_tls_handshake
 .text.mg_tls_free
                0x0000000008009120       0x14 ./Core/Src/mongoose.o
                0x0000000008009120                mg_tls_free
 .text.mg_tls_recv
                0x0000000008009134       0x32 ./Core/Src/mongoose.o
                0x0000000008009134                mg_tls_recv
 .text.mg_tls_send
                0x0000000008009166       0x32 ./Core/Src/mongoose.o
                0x0000000008009166                mg_tls_send
 .text.urlparse
                0x0000000008009198      0x102 ./Core/Src/mongoose.o
 .text.mg_url_host
                0x000000000800929a       0x66 ./Core/Src/mongoose.o
                0x000000000800929a                mg_url_host
 .text.mg_url_port
                0x0000000008009300       0xc8 ./Core/Src/mongoose.o
                0x0000000008009300                mg_url_port
 .text.mg_ntohl
                0x00000000080093c8       0x32 ./Core/Src/mongoose.o
                0x00000000080093c8                mg_ntohl
 .text.mg_ntohs
                0x00000000080093fa       0x2e ./Core/Src/mongoose.o
                0x00000000080093fa                mg_ntohs
 .text.mg_crc32
                0x0000000008009428       0x74 ./Core/Src/mongoose.o
                0x0000000008009428                mg_crc32
 .text.eth_read_phy
                0x000000000800949c       0x74 ./Core/Src/mongoose.o
 .text.eth_write_phy
                0x0000000008009510       0x78 ./Core/Src/mongoose.o
 .text.get_hclk
                0x0000000008009588      0x1ac ./Core/Src/mongoose.o
 .text.guess_mdc_cr
                0x0000000008009734       0xcc ./Core/Src/mongoose.o
 .text.mg_tcpip_driver_stm32h_init
                0x0000000008009800      0x234 ./Core/Src/mongoose.o
 .text.mg_tcpip_driver_stm32h_tx
                0x0000000008009a34      0x1a0 ./Core/Src/mongoose.o
 .text.mg_tcpip_driver_stm32h_up
                0x0000000008009bd4       0xd0 ./Core/Src/mongoose.o
 .text.ETH_IRQHandler
                0x0000000008009ca4      0x120 ./Core/Src/mongoose.o
                0x0000000008009ca4                ETH_IRQHandler
 .text.mkpay    0x0000000008009dc4       0x3c ./Core/Src/mongoose.o
 .text.csumup   0x0000000008009e00       0x5a ./Core/Src/mongoose.o
 .text.csumfin  0x0000000008009e5a       0x36 ./Core/Src/mongoose.o
 .text.ipcsum   0x0000000008009e90       0x26 ./Core/Src/mongoose.o
 .text.ether_output
                0x0000000008009eb6       0x38 ./Core/Src/mongoose.o
 .text.arp_ask  0x0000000008009eee       0xba ./Core/Src/mongoose.o
 .text.onstatechange
                0x0000000008009fa8      0x10c ./Core/Src/mongoose.o
 .text.tx_ip    0x000000000800a0b4       0xac ./Core/Src/mongoose.o
 .text.tx_udp   0x000000000800a160       0xd2 ./Core/Src/mongoose.o
 *fill*         0x000000000800a232        0x2 
 .text.tx_dhcp  0x000000000800a234      0x120 ./Core/Src/mongoose.o
 .text.tx_dhcp_request_sel
                0x000000000800a354       0x88 ./Core/Src/mongoose.o
 .text.tx_dhcp_request_re
                0x000000000800a3dc       0x60 ./Core/Src/mongoose.o
 .text.tx_dhcp_discover
                0x000000000800a43c       0x74 ./Core/Src/mongoose.o
 .text.getpeer  0x000000000800a4b0       0xb0 ./Core/Src/mongoose.o
 .text.rx_arp   0x000000000800a560      0x200 ./Core/Src/mongoose.o
 .text.rx_icmp  0x000000000800a760       0xb8 ./Core/Src/mongoose.o
 .text.rx_dhcp_client
                0x000000000800a818      0x30c ./Core/Src/mongoose.o
 .text.rx_dhcp_server
                0x000000000800ab24      0x394 ./Core/Src/mongoose.o
 .text.rx_udp   0x000000000800aeb8       0xe4 ./Core/Src/mongoose.o
 .text.tx_tcp   0x000000000800af9c      0x194 ./Core/Src/mongoose.o
 .text.tx_tcp_pkt
                0x000000000800b130       0x8c ./Core/Src/mongoose.o
 .text.settmout
                0x000000000800b1bc       0x90 ./Core/Src/mongoose.o
 .text.accept_conn
                0x000000000800b24c      0x160 ./Core/Src/mongoose.o
 .text.mg_io_send
                0x000000000800b3ac      0x114 ./Core/Src/mongoose.o
                0x000000000800b3ac                mg_io_send
 .text.read_conn
                0x000000000800b4c0      0x274 ./Core/Src/mongoose.o
 .text.rx_tcp   0x000000000800b734      0x244 ./Core/Src/mongoose.o
 .text.rx_ip    0x000000000800b978      0x250 ./Core/Src/mongoose.o
 .text.rx_ip6   0x000000000800bbc8       0x84 ./Core/Src/mongoose.o
 .text.mg_tcpip_rx
                0x000000000800bc4c      0x208 ./Core/Src/mongoose.o
 .text.mg_tcpip_poll
                0x000000000800be54      0x3b4 ./Core/Src/mongoose.o
 .text.mg_tcpip_qwrite
                0x000000000800c208       0x5a ./Core/Src/mongoose.o
                0x000000000800c208                mg_tcpip_qwrite
 *fill*         0x000000000800c262        0x2 
 .text.mg_tcpip_init
                0x000000000800c264      0x1a0 ./Core/Src/mongoose.o
                0x000000000800c264                mg_tcpip_init
 .text.send_syn
                0x000000000800c404       0x6a ./Core/Src/mongoose.o
 *fill*         0x000000000800c46e        0x2 
 .text.mg_connect_resolved
                0x000000000800c470      0x1dc ./Core/Src/mongoose.o
                0x000000000800c470                mg_connect_resolved
 .text.mg_open_listener
                0x000000000800c64c       0x2a ./Core/Src/mongoose.o
                0x000000000800c64c                mg_open_listener
 .text.write_conn
                0x000000000800c676       0x6a ./Core/Src/mongoose.o
 .text.close_conn
                0x000000000800c6e0       0x9e ./Core/Src/mongoose.o
 .text.can_write
                0x000000000800c77e       0x68 ./Core/Src/mongoose.o
 *fill*         0x000000000800c7e6        0x2 
 .text.mg_mgr_poll
                0x000000000800c7e8      0x170 ./Core/Src/mongoose.o
                0x000000000800c7e8                mg_mgr_poll
 .text.mg_send  0x000000000800c958       0xb0 ./Core/Src/mongoose.o
                0x000000000800c958                mg_send
 .text.mg_now   0x000000000800ca08       0x24 ./Core/Src/net.o
                0x000000000800ca08                mg_now
 .text.ui_event_next
                0x000000000800ca2c       0xd4 ./Core/Src/net.o
                0x000000000800ca2c                ui_event_next
 .text.sfn      0x000000000800cb00       0xa0 ./Core/Src/net.o
 .text.timer_sntp_fn
                0x000000000800cba0       0x24 ./Core/Src/net.o
 .text.authenticate
                0x000000000800cbc4      0x11c ./Core/Src/net.o
 .text.handle_login
                0x000000000800cce0       0xb8 ./Core/Src/net.o
 .text.handle_logout
                0x000000000800cd98       0x6c ./Core/Src/net.o
 .text.handle_debug
                0x000000000800ce04       0x48 ./Core/Src/net.o
 .text.print_int_arr
                0x000000000800ce4c       0x84 ./Core/Src/net.o
 .text.handle_stats_get
                0x000000000800ced0       0x90 ./Core/Src/net.o
 .text.print_events
                0x000000000800cf60       0xec ./Core/Src/net.o
 .text.handle_events_get
                0x000000000800d04c       0x74 ./Core/Src/net.o
 .text.handle_settings_set
                0x000000000800d0c0      0x124 ./Core/Src/net.o
 .text.handle_settings_get
                0x000000000800d1e4       0xa4 ./Core/Src/net.o
 .text.fn       0x000000000800d288      0x1dc ./Core/Src/net.o
 .text.web_init
                0x000000000800d464       0x5c ./Core/Src/net.o
                0x000000000800d464                web_init
 .text.scmp     0x000000000800d4c0       0x44 ./Core/Src/packed_fs.o
 .text.mg_unlist
                0x000000000800d504       0x28 ./Core/Src/packed_fs.o
                0x000000000800d504                mg_unlist
 .text.mg_unpack
                0x000000000800d52c       0x6c ./Core/Src/packed_fs.o
                0x000000000800d52c                mg_unpack
 .text.HAL_MspInit
                0x000000000800d598       0x34 ./Core/Src/stm32h7xx_hal_msp.o
                0x000000000800d598                HAL_MspInit
 .text.HAL_ETH_MspInit
                0x000000000800d5cc      0x1ac ./Core/Src/stm32h7xx_hal_msp.o
                0x000000000800d5cc                HAL_ETH_MspInit
 .text.HAL_RNG_MspInit
                0x000000000800d778       0x74 ./Core/Src/stm32h7xx_hal_msp.o
                0x000000000800d778                HAL_RNG_MspInit
 .text.HAL_UART_MspInit
                0x000000000800d7ec       0xd4 ./Core/Src/stm32h7xx_hal_msp.o
                0x000000000800d7ec                HAL_UART_MspInit
 .text.NMI_Handler
                0x000000000800d8c0        0x6 ./Core/Src/stm32h7xx_it.o
                0x000000000800d8c0                NMI_Handler
 .text.HardFault_Handler
                0x000000000800d8c6        0x6 ./Core/Src/stm32h7xx_it.o
                0x000000000800d8c6                HardFault_Handler
 .text.MemManage_Handler
                0x000000000800d8cc        0x6 ./Core/Src/stm32h7xx_it.o
                0x000000000800d8cc                MemManage_Handler
 .text.BusFault_Handler
                0x000000000800d8d2        0x6 ./Core/Src/stm32h7xx_it.o
                0x000000000800d8d2                BusFault_Handler
 .text.UsageFault_Handler
                0x000000000800d8d8        0x6 ./Core/Src/stm32h7xx_it.o
                0x000000000800d8d8                UsageFault_Handler
 .text.SVC_Handler
                0x000000000800d8de        0xe ./Core/Src/stm32h7xx_it.o
                0x000000000800d8de                SVC_Handler
 .text.DebugMon_Handler
                0x000000000800d8ec        0xe ./Core/Src/stm32h7xx_it.o
                0x000000000800d8ec                DebugMon_Handler
 .text.PendSV_Handler
                0x000000000800d8fa        0xe ./Core/Src/stm32h7xx_it.o
                0x000000000800d8fa                PendSV_Handler
 .text.SysTick_Handler
                0x000000000800d908        0xc ./Core/Src/stm32h7xx_it.o
                0x000000000800d908                SysTick_Handler
 .text._getpid  0x000000000800d914       0x10 ./Core/Src/syscalls.o
                0x000000000800d914                _getpid
 .text._kill    0x000000000800d924       0x20 ./Core/Src/syscalls.o
                0x000000000800d924                _kill
 .text._exit    0x000000000800d944       0x14 ./Core/Src/syscalls.o
                0x000000000800d944                _exit
 .text._read    0x000000000800d958       0x3a ./Core/Src/syscalls.o
                0x000000000800d958                _read
 *fill*         0x000000000800d992        0x2 
 .text._write   0x000000000800d994       0x30 ./Core/Src/syscalls.o
                0x000000000800d994                _write
 .text._close   0x000000000800d9c4       0x18 ./Core/Src/syscalls.o
                0x000000000800d9c4                _close
 .text._fstat   0x000000000800d9dc       0x20 ./Core/Src/syscalls.o
                0x000000000800d9dc                _fstat
 .text._isatty  0x000000000800d9fc       0x16 ./Core/Src/syscalls.o
                0x000000000800d9fc                _isatty
 .text._lseek   0x000000000800da12       0x1a ./Core/Src/syscalls.o
                0x000000000800da12                _lseek
 .text._sbrk    0x000000000800da2c       0x6c ./Core/Src/sysmem.o
                0x000000000800da2c                _sbrk
 .text.SystemInit
                0x000000000800da98       0xf0 ./Core/Src/system_stm32h7xx.o
                0x000000000800da98                SystemInit
 .text.Reset_Handler
                0x000000000800db88       0x50 ./Core/Startup/startup_stm32h723zgtx.o
                0x000000000800db88                Reset_Handler
 .text.Default_Handler
                0x000000000800dbd8        0x2 ./Core/Startup/startup_stm32h723zgtx.o
                0x000000000800dbd8                RTC_Alarm_IRQHandler
                0x000000000800dbd8                EXTI2_IRQHandler
                0x000000000800dbd8                TIM8_CC_IRQHandler
                0x000000000800dbd8                UART8_IRQHandler
                0x000000000800dbd8                SPI4_IRQHandler
                0x000000000800dbd8                FDCAN3_IT0_IRQHandler
                0x000000000800dbd8                TIM1_CC_IRQHandler
                0x000000000800dbd8                BDMA_Channel6_IRQHandler
                0x000000000800dbd8                DMA2_Stream5_IRQHandler
                0x000000000800dbd8                DMA1_Stream5_IRQHandler
                0x000000000800dbd8                CORDIC_IRQHandler
                0x000000000800dbd8                BDMA_Channel1_IRQHandler
                0x000000000800dbd8                TAMP_STAMP_IRQHandler
                0x000000000800dbd8                EXTI3_IRQHandler
                0x000000000800dbd8                LPTIM4_IRQHandler
                0x000000000800dbd8                TIM8_TRG_COM_TIM14_IRQHandler
                0x000000000800dbd8                LPTIM2_IRQHandler
                0x000000000800dbd8                DFSDM1_FLT1_IRQHandler
                0x000000000800dbd8                DMAMUX2_OVR_IRQHandler
                0x000000000800dbd8                TIM8_UP_TIM13_IRQHandler
                0x000000000800dbd8                I2C3_ER_IRQHandler
                0x000000000800dbd8                DFSDM1_FLT2_IRQHandler
                0x000000000800dbd8                I2C5_EV_IRQHandler
                0x000000000800dbd8                USART10_IRQHandler
                0x000000000800dbd8                MDMA_IRQHandler
                0x000000000800dbd8                LPTIM3_IRQHandler
                0x000000000800dbd8                HSEM1_IRQHandler
                0x000000000800dbd8                EXTI0_IRQHandler
                0x000000000800dbd8                I2C2_EV_IRQHandler
                0x000000000800dbd8                DMA1_Stream2_IRQHandler
                0x000000000800dbd8                FPU_IRQHandler
                0x000000000800dbd8                OTG_HS_WKUP_IRQHandler
                0x000000000800dbd8                FDCAN1_IT1_IRQHandler
                0x000000000800dbd8                LTDC_ER_IRQHandler
                0x000000000800dbd8                DMA2_Stream2_IRQHandler
                0x000000000800dbd8                SPI1_IRQHandler
                0x000000000800dbd8                OCTOSPI1_IRQHandler
                0x000000000800dbd8                TIM6_DAC_IRQHandler
                0x000000000800dbd8                DMA2_Stream3_IRQHandler
                0x000000000800dbd8                OCTOSPI2_IRQHandler
                0x000000000800dbd8                DFSDM1_FLT3_IRQHandler
                0x000000000800dbd8                TIM23_IRQHandler
                0x000000000800dbd8                USART6_IRQHandler
                0x000000000800dbd8                TIM17_IRQHandler
                0x000000000800dbd8                USART3_IRQHandler
                0x000000000800dbd8                BDMA_Channel7_IRQHandler
                0x000000000800dbd8                LPTIM5_IRQHandler
                0x000000000800dbd8                UART5_IRQHandler
                0x000000000800dbd8                ADC3_IRQHandler
                0x000000000800dbd8                DMA2_Stream0_IRQHandler
                0x000000000800dbd8                TIM4_IRQHandler
                0x000000000800dbd8                BDMA_Channel2_IRQHandler
                0x000000000800dbd8                I2C1_EV_IRQHandler
                0x000000000800dbd8                DMA1_Stream6_IRQHandler
                0x000000000800dbd8                DMAMUX1_OVR_IRQHandler
                0x000000000800dbd8                DMA1_Stream1_IRQHandler
                0x000000000800dbd8                TIM16_IRQHandler
                0x000000000800dbd8                UART4_IRQHandler
                0x000000000800dbd8                BDMA_Channel5_IRQHandler
                0x000000000800dbd8                TIM3_IRQHandler
                0x000000000800dbd8                RCC_IRQHandler
                0x000000000800dbd8                UART9_IRQHandler
                0x000000000800dbd8                TIM8_BRK_TIM12_IRQHandler
                0x000000000800dbd8                TIM1_TRG_COM_IRQHandler
                0x000000000800dbd8                Default_Handler
                0x000000000800dbd8                ECC_IRQHandler
                0x000000000800dbd8                FMAC_IRQHandler
                0x000000000800dbd8                CEC_IRQHandler
                0x000000000800dbd8                EXTI15_10_IRQHandler
                0x000000000800dbd8                BDMA_Channel0_IRQHandler
                0x000000000800dbd8                ADC_IRQHandler
                0x000000000800dbd8                I2C5_ER_IRQHandler
                0x000000000800dbd8                DMA1_Stream7_IRQHandler
                0x000000000800dbd8                SPI5_IRQHandler
                0x000000000800dbd8                TIM7_IRQHandler
                0x000000000800dbd8                FDCAN3_IT1_IRQHandler
                0x000000000800dbd8                SDMMC1_IRQHandler
                0x000000000800dbd8                TIM5_IRQHandler
                0x000000000800dbd8                DMA2_Stream7_IRQHandler
                0x000000000800dbd8                TIM15_IRQHandler
                0x000000000800dbd8                PVD_AVD_IRQHandler
                0x000000000800dbd8                I2C3_EV_IRQHandler
                0x000000000800dbd8                EXTI9_5_IRQHandler
                0x000000000800dbd8                RTC_WKUP_IRQHandler
                0x000000000800dbd8                LTDC_IRQHandler
                0x000000000800dbd8                ETH_WKUP_IRQHandler
                0x000000000800dbd8                SPDIF_RX_IRQHandler
                0x000000000800dbd8                SPI2_IRQHandler
                0x000000000800dbd8                OTG_HS_EP1_IN_IRQHandler
                0x000000000800dbd8                DMA1_Stream0_IRQHandler
                0x000000000800dbd8                TIM24_IRQHandler
                0x000000000800dbd8                CRS_IRQHandler
                0x000000000800dbd8                EXTI4_IRQHandler
                0x000000000800dbd8                RNG_IRQHandler
                0x000000000800dbd8                FDCAN2_IT1_IRQHandler
                0x000000000800dbd8                TIM1_UP_IRQHandler
                0x000000000800dbd8                BDMA_Channel4_IRQHandler
                0x000000000800dbd8                OTG_HS_EP1_OUT_IRQHandler
                0x000000000800dbd8                WWDG_IRQHandler
                0x000000000800dbd8                SPI6_IRQHandler
                0x000000000800dbd8                MDIOS_IRQHandler
                0x000000000800dbd8                I2C4_EV_IRQHandler
                0x000000000800dbd8                FDCAN2_IT0_IRQHandler
                0x000000000800dbd8                LPUART1_IRQHandler
                0x000000000800dbd8                FDCAN1_IT0_IRQHandler
                0x000000000800dbd8                TIM2_IRQHandler
                0x000000000800dbd8                OTG_HS_IRQHandler
                0x000000000800dbd8                DMA2D_IRQHandler
                0x000000000800dbd8                TIM1_BRK_IRQHandler
                0x000000000800dbd8                EXTI1_IRQHandler
                0x000000000800dbd8                SDMMC2_IRQHandler
                0x000000000800dbd8                BDMA_Channel3_IRQHandler
                0x000000000800dbd8                DTS_IRQHandler
                0x000000000800dbd8                UART7_IRQHandler
                0x000000000800dbd8                MDIOS_WKUP_IRQHandler
                0x000000000800dbd8                USART2_IRQHandler
                0x000000000800dbd8                DFSDM1_FLT0_IRQHandler
                0x000000000800dbd8                SAI4_IRQHandler
                0x000000000800dbd8                I2C2_ER_IRQHandler
                0x000000000800dbd8                DMA2_Stream1_IRQHandler
                0x000000000800dbd8                FLASH_IRQHandler
                0x000000000800dbd8                DMA2_Stream4_IRQHandler
                0x000000000800dbd8                USART1_IRQHandler
                0x000000000800dbd8                SPI3_IRQHandler
                0x000000000800dbd8                WAKEUP_PIN_IRQHandler
                0x000000000800dbd8                DMA1_Stream4_IRQHandler
                0x000000000800dbd8                I2C1_ER_IRQHandler
                0x000000000800dbd8                FMC_IRQHandler
                0x000000000800dbd8                FDCAN_CAL_IRQHandler
                0x000000000800dbd8                SWPMI1_IRQHandler
                0x000000000800dbd8                COMP1_IRQHandler
                0x000000000800dbd8                LPTIM1_IRQHandler
                0x000000000800dbd8                DCMI_PSSI_IRQHandler
                0x000000000800dbd8                I2C4_ER_IRQHandler
                0x000000000800dbd8                DMA2_Stream6_IRQHandler
                0x000000000800dbd8                SAI1_IRQHandler
                0x000000000800dbd8                DMA1_Stream3_IRQHandler
 *fill*         0x000000000800dbda        0x2 
 .text.HAL_Init
                0x000000000800dbdc       0x78 ./Drivers/STM32H7xx_HAL_Driver/Src/stm32h7xx_hal.o
                0x000000000800dbdc                HAL_Init
 .text.HAL_InitTick
                0x000000000800dc54       0x6c ./Drivers/STM32H7xx_HAL_Driver/Src/stm32h7xx_hal.o
                0x000000000800dc54                HAL_InitTick
 .text.HAL_IncTick
                0x000000000800dcc0       0x28 ./Drivers/STM32H7xx_HAL_Driver/Src/stm32h7xx_hal.o
                0x000000000800dcc0                HAL_IncTick
 .text.HAL_GetTick
                0x000000000800dce8       0x18 ./Drivers/STM32H7xx_HAL_Driver/Src/stm32h7xx_hal.o
                0x000000000800dce8                HAL_GetTick
 .text.HAL_SYSCFG_ETHInterfaceSelect
                0x000000000800dd00       0x28 ./Drivers/STM32H7xx_HAL_Driver/Src/stm32h7xx_hal.o
                0x000000000800dd00                HAL_SYSCFG_ETHInterfaceSelect
 .text.__NVIC_SetPriorityGrouping
                0x000000000800dd28       0x48 ./Drivers/STM32H7xx_HAL_Driver/Src/stm32h7xx_hal_cortex.o
 .text.__NVIC_GetPriorityGrouping
                0x000000000800dd70       0x1c ./Drivers/STM32H7xx_HAL_Driver/Src/stm32h7xx_hal_cortex.o
 .text.__NVIC_EnableIRQ
                0x000000000800dd8c       0x3c ./Drivers/STM32H7xx_HAL_Driver/Src/stm32h7xx_hal_cortex.o
 .text.__NVIC_SetPriority
                0x000000000800ddc8       0x54 ./Drivers/STM32H7xx_HAL_Driver/Src/stm32h7xx_hal_cortex.o
 .text.NVIC_EncodePriority
                0x000000000800de1c       0x66 ./Drivers/STM32H7xx_HAL_Driver/Src/stm32h7xx_hal_cortex.o
 *fill*         0x000000000800de82        0x2 
 .text.SysTick_Config
                0x000000000800de84       0x44 ./Drivers/STM32H7xx_HAL_Driver/Src/stm32h7xx_hal_cortex.o
 .text.HAL_NVIC_SetPriorityGrouping
                0x000000000800dec8       0x16 ./Drivers/STM32H7xx_HAL_Driver/Src/stm32h7xx_hal_cortex.o
                0x000000000800dec8                HAL_NVIC_SetPriorityGrouping
 .text.HAL_NVIC_SetPriority
                0x000000000800dede       0x34 ./Drivers/STM32H7xx_HAL_Driver/Src/stm32h7xx_hal_cortex.o
                0x000000000800dede                HAL_NVIC_SetPriority
 .text.HAL_NVIC_EnableIRQ
                0x000000000800df12       0x1c ./Drivers/STM32H7xx_HAL_Driver/Src/stm32h7xx_hal_cortex.o
                0x000000000800df12                HAL_NVIC_EnableIRQ
 .text.HAL_SYSTICK_Config
                0x000000000800df2e       0x18 ./Drivers/STM32H7xx_HAL_Driver/Src/stm32h7xx_hal_cortex.o
                0x000000000800df2e                HAL_SYSTICK_Config
 *fill*         0x000000000800df46        0x2 
 .text.HAL_ETH_Init
                0x000000000800df48      0x1cc ./Drivers/STM32H7xx_HAL_Driver/Src/stm32h7xx_hal_eth.o
                0x000000000800df48                HAL_ETH_Init
 .text.HAL_ETH_SetMDIOClockRange
                0x000000000800e114       0xb0 ./Drivers/STM32H7xx_HAL_Driver/Src/stm32h7xx_hal_eth.o
                0x000000000800e114                HAL_ETH_SetMDIOClockRange
 .text.ETH_SetMACConfig
                0x000000000800e1c4      0x238 ./Drivers/STM32H7xx_HAL_Driver/Src/stm32h7xx_hal_eth.o
 .text.ETH_SetDMAConfig
                0x000000000800e3fc      0x10c ./Drivers/STM32H7xx_HAL_Driver/Src/stm32h7xx_hal_eth.o
 .text.ETH_MACDMAConfig
                0x000000000800e508      0x13a ./Drivers/STM32H7xx_HAL_Driver/Src/stm32h7xx_hal_eth.o
 .text.ETH_DMATxDescListInit
                0x000000000800e642       0x92 ./Drivers/STM32H7xx_HAL_Driver/Src/stm32h7xx_hal_eth.o
 .text.ETH_DMARxDescListInit
                0x000000000800e6d4       0xba ./Drivers/STM32H7xx_HAL_Driver/Src/stm32h7xx_hal_eth.o
 *fill*         0x000000000800e78e        0x2 
 .text.HAL_GPIO_Init
                0x000000000800e790      0x350 ./Drivers/STM32H7xx_HAL_Driver/Src/stm32h7xx_hal_gpio.o
                0x000000000800e790                HAL_GPIO_Init
 .text.HAL_GPIO_WritePin
                0x000000000800eae0       0x32 ./Drivers/STM32H7xx_HAL_Driver/Src/stm32h7xx_hal_gpio.o
                0x000000000800eae0                HAL_GPIO_WritePin
 .text.HAL_GPIO_TogglePin
                0x000000000800eb12       0x34 ./Drivers/STM32H7xx_HAL_Driver/Src/stm32h7xx_hal_gpio.o
                0x000000000800eb12                HAL_GPIO_TogglePin
 *fill*         0x000000000800eb46        0x2 
 .text.HAL_PWREx_ConfigSupply
                0x000000000800eb48       0x74 ./Drivers/STM32H7xx_HAL_Driver/Src/stm32h7xx_hal_pwr_ex.o
                0x000000000800eb48                HAL_PWREx_ConfigSupply
 .text.HAL_RCC_OscConfig
                0x000000000800ebbc      0x7b4 ./Drivers/STM32H7xx_HAL_Driver/Src/stm32h7xx_hal_rcc.o
                0x000000000800ebbc                HAL_RCC_OscConfig
 .text.HAL_RCC_ClockConfig
                0x000000000800f370      0x36c ./Drivers/STM32H7xx_HAL_Driver/Src/stm32h7xx_hal_rcc.o
                0x000000000800f370                HAL_RCC_ClockConfig
 .text.HAL_RCC_GetSysClockFreq
                0x000000000800f6dc      0x2f4 ./Drivers/STM32H7xx_HAL_Driver/Src/stm32h7xx_hal_rcc.o
                0x000000000800f6dc                HAL_RCC_GetSysClockFreq
 .text.HAL_RCC_GetHCLKFreq
                0x000000000800f9d0       0x60 ./Drivers/STM32H7xx_HAL_Driver/Src/stm32h7xx_hal_rcc.o
                0x000000000800f9d0                HAL_RCC_GetHCLKFreq
 .text.HAL_RCC_GetPCLK1Freq
                0x000000000800fa30       0x2c ./Drivers/STM32H7xx_HAL_Driver/Src/stm32h7xx_hal_rcc.o
                0x000000000800fa30                HAL_RCC_GetPCLK1Freq
 .text.HAL_RCC_GetPCLK2Freq
                0x000000000800fa5c       0x2c ./Drivers/STM32H7xx_HAL_Driver/Src/stm32h7xx_hal_rcc.o
                0x000000000800fa5c                HAL_RCC_GetPCLK2Freq
 .text.HAL_RCCEx_PeriphCLKConfig
                0x000000000800fa88     0x1340 ./Drivers/STM32H7xx_HAL_Driver/Src/stm32h7xx_hal_rcc_ex.o
                0x000000000800fa88                HAL_RCCEx_PeriphCLKConfig
 .text.HAL_RCCEx_GetD3PCLK1Freq
                0x0000000008010dc8       0x2c ./Drivers/STM32H7xx_HAL_Driver/Src/stm32h7xx_hal_rcc_ex.o
                0x0000000008010dc8                HAL_RCCEx_GetD3PCLK1Freq
 .text.HAL_RCCEx_GetPLL2ClockFreq
                0x0000000008010df4      0x2a8 ./Drivers/STM32H7xx_HAL_Driver/Src/stm32h7xx_hal_rcc_ex.o
                0x0000000008010df4                HAL_RCCEx_GetPLL2ClockFreq
 .text.HAL_RCCEx_GetPLL3ClockFreq
                0x000000000801109c      0x2a8 ./Drivers/STM32H7xx_HAL_Driver/Src/stm32h7xx_hal_rcc_ex.o
                0x000000000801109c                HAL_RCCEx_GetPLL3ClockFreq
 .text.RCCEx_PLL2_Config
                0x0000000008011344      0x164 ./Drivers/STM32H7xx_HAL_Driver/Src/stm32h7xx_hal_rcc_ex.o
 .text.RCCEx_PLL3_Config
                0x00000000080114a8      0x164 ./Drivers/STM32H7xx_HAL_Driver/Src/stm32h7xx_hal_rcc_ex.o
 .text.HAL_RNG_Init
                0x000000000801160c      0x148 ./Drivers/STM32H7xx_HAL_Driver/Src/stm32h7xx_hal_rng.o
                0x000000000801160c                HAL_RNG_Init
 .text.HAL_RNG_GenerateRandomNumber
                0x0000000008011754       0xfe ./Drivers/STM32H7xx_HAL_Driver/Src/stm32h7xx_hal_rng.o
                0x0000000008011754                HAL_RNG_GenerateRandomNumber
 .text.HAL_RNG_ErrorCallback
                0x0000000008011852       0x14 ./Drivers/STM32H7xx_HAL_Driver/Src/stm32h7xx_hal_rng.o
                0x0000000008011852                HAL_RNG_ErrorCallback
 .text.RNG_RecoverSeedError
                0x0000000008011866      0x102 ./Drivers/STM32H7xx_HAL_Driver/Src/stm32h7xx_hal_rng.o
                0x0000000008011866                RNG_RecoverSeedError
 .text.HAL_UART_Init
                0x0000000008011968       0xa0 ./Drivers/STM32H7xx_HAL_Driver/Src/stm32h7xx_hal_uart.o
                0x0000000008011968                HAL_UART_Init
 .text.HAL_UART_Transmit
                0x0000000008011a08      0x11c ./Drivers/STM32H7xx_HAL_Driver/Src/stm32h7xx_hal_uart.o
                0x0000000008011a08                HAL_UART_Transmit
 .text.UART_SetConfig
                0x0000000008011b24      0xcd8 ./Drivers/STM32H7xx_HAL_Driver/Src/stm32h7xx_hal_uart.o
                0x0000000008011b24                UART_SetConfig
 .text.UART_AdvFeatureConfig
                0x00000000080127fc      0x144 ./Drivers/STM32H7xx_HAL_Driver/Src/stm32h7xx_hal_uart.o
                0x00000000080127fc                UART_AdvFeatureConfig
 .text.UART_CheckIdleState
                0x0000000008012940      0x154 ./Drivers/STM32H7xx_HAL_Driver/Src/stm32h7xx_hal_uart.o
                0x0000000008012940                UART_CheckIdleState
 .text.UART_WaitOnFlagUntilTimeout
                0x0000000008012a94       0xce ./Drivers/STM32H7xx_HAL_Driver/Src/stm32h7xx_hal_uart.o
                0x0000000008012a94                UART_WaitOnFlagUntilTimeout
 *fill*         0x0000000008012b62        0x2 
 .text.UART_EndRxTransfer
                0x0000000008012b64       0xcc ./Drivers/STM32H7xx_HAL_Driver/Src/stm32h7xx_hal_uart.o
 .text.HAL_UARTEx_DisableFifoMode
                0x0000000008012c30       0x72 ./Drivers/STM32H7xx_HAL_Driver/Src/stm32h7xx_hal_uart_ex.o
                0x0000000008012c30                HAL_UARTEx_DisableFifoMode
 .text.HAL_UARTEx_SetTxFifoThreshold
                0x0000000008012ca2       0x7c ./Drivers/STM32H7xx_HAL_Driver/Src/stm32h7xx_hal_uart_ex.o
                0x0000000008012ca2                HAL_UARTEx_SetTxFifoThreshold
 .text.HAL_UARTEx_SetRxFifoThreshold
                0x0000000008012d1e       0x7c ./Drivers/STM32H7xx_HAL_Driver/Src/stm32h7xx_hal_uart_ex.o
                0x0000000008012d1e                HAL_UARTEx_SetRxFifoThreshold
 *fill*         0x0000000008012d9a        0x2 
 .text.UARTEx_SetNbDataToProcess
                0x0000000008012d9c       0x9c ./Drivers/STM32H7xx_HAL_Driver/Src/stm32h7xx_hal_uart_ex.o
 .text.__assert_func
                0x0000000008012e38       0x3c C:/ST/STM32CubeIDE_1.13.1/STM32CubeIDE/plugins/com.st.stm32cube.ide.mcu.externaltools.gnu-tools-for-stm32.11.3.rel1.win32_1.1.0.202305231506/tools/bin/../lib/gcc/arm-none-eabi/11.3.1/../../../../arm-none-eabi/lib/thumb/v7e-m+dp/hard\libc_nano.a(libc_a-assert.o)
                0x0000000008012e38                __assert_func
 .text.atoi     0x0000000008012e74        0x8 C:/ST/STM32CubeIDE_1.13.1/STM32CubeIDE/plugins/com.st.stm32cube.ide.mcu.externaltools.gnu-tools-for-stm32.11.3.rel1.win32_1.1.0.202305231506/tools/bin/../lib/gcc/arm-none-eabi/11.3.1/../../../../arm-none-eabi/lib/thumb/v7e-m+dp/hard\libc_nano.a(libc_a-atoi.o)
                0x0000000008012e74                atoi
 .text.calloc   0x0000000008012e7c       0x10 C:/ST/STM32CubeIDE_1.13.1/STM32CubeIDE/plugins/com.st.stm32cube.ide.mcu.externaltools.gnu-tools-for-stm32.11.3.rel1.win32_1.1.0.202305231506/tools/bin/../lib/gcc/arm-none-eabi/11.3.1/../../../../arm-none-eabi/lib/thumb/v7e-m+dp/hard\libc_nano.a(libc_a-calloc.o)
                0x0000000008012e7c                calloc
 .text._calloc_r
                0x0000000008012e8c       0x2c C:/ST/STM32CubeIDE_1.13.1/STM32CubeIDE/plugins/com.st.stm32cube.ide.mcu.externaltools.gnu-tools-for-stm32.11.3.rel1.win32_1.1.0.202305231506/tools/bin/../lib/gcc/arm-none-eabi/11.3.1/../../../../arm-none-eabi/lib/thumb/v7e-m+dp/hard\libc_nano.a(libc_a-callocr.o)
                0x0000000008012e8c                _calloc_r
 .text.malloc   0x0000000008012eb8       0x10 C:/ST/STM32CubeIDE_1.13.1/STM32CubeIDE/plugins/com.st.stm32cube.ide.mcu.externaltools.gnu-tools-for-stm32.11.3.rel1.win32_1.1.0.202305231506/tools/bin/../lib/gcc/arm-none-eabi/11.3.1/../../../../arm-none-eabi/lib/thumb/v7e-m+dp/hard\libc_nano.a(libc_a-malloc.o)
                0x0000000008012eb8                malloc
 .text.free     0x0000000008012ec8       0x10 C:/ST/STM32CubeIDE_1.13.1/STM32CubeIDE/plugins/com.st.stm32cube.ide.mcu.externaltools.gnu-tools-for-stm32.11.3.rel1.win32_1.1.0.202305231506/tools/bin/../lib/gcc/arm-none-eabi/11.3.1/../../../../arm-none-eabi/lib/thumb/v7e-m+dp/hard\libc_nano.a(libc_a-malloc.o)
                0x0000000008012ec8                free
 .text.sbrk_aligned
                0x0000000008012ed8       0x40 C:/ST/STM32CubeIDE_1.13.1/STM32CubeIDE/plugins/com.st.stm32cube.ide.mcu.externaltools.gnu-tools-for-stm32.11.3.rel1.win32_1.1.0.202305231506/tools/bin/../lib/gcc/arm-none-eabi/11.3.1/../../../../arm-none-eabi/lib/thumb/v7e-m+dp/hard\libc_nano.a(libc_a-mallocr.o)
 .text._malloc_r
                0x0000000008012f18      0x100 C:/ST/STM32CubeIDE_1.13.1/STM32CubeIDE/plugins/com.st.stm32cube.ide.mcu.externaltools.gnu-tools-for-stm32.11.3.rel1.win32_1.1.0.202305231506/tools/bin/../lib/gcc/arm-none-eabi/11.3.1/../../../../arm-none-eabi/lib/thumb/v7e-m+dp/hard\libc_nano.a(libc_a-mallocr.o)
                0x0000000008012f18                _malloc_r
 .text.__malloc_lock
                0x0000000008013018        0xc C:/ST/STM32CubeIDE_1.13.1/STM32CubeIDE/plugins/com.st.stm32cube.ide.mcu.externaltools.gnu-tools-for-stm32.11.3.rel1.win32_1.1.0.202305231506/tools/bin/../lib/gcc/arm-none-eabi/11.3.1/../../../../arm-none-eabi/lib/thumb/v7e-m+dp/hard\libc_nano.a(libc_a-mlock.o)
                0x0000000008013018                __malloc_lock
 .text.__malloc_unlock
                0x0000000008013024        0xc C:/ST/STM32CubeIDE_1.13.1/STM32CubeIDE/plugins/com.st.stm32cube.ide.mcu.externaltools.gnu-tools-for-stm32.11.3.rel1.win32_1.1.0.202305231506/tools/bin/../lib/gcc/arm-none-eabi/11.3.1/../../../../arm-none-eabi/lib/thumb/v7e-m+dp/hard\libc_nano.a(libc_a-mlock.o)
                0x0000000008013024                __malloc_unlock
 .text.srand    0x0000000008013030       0x5c C:/ST/STM32CubeIDE_1.13.1/STM32CubeIDE/plugins/com.st.stm32cube.ide.mcu.externaltools.gnu-tools-for-stm32.11.3.rel1.win32_1.1.0.202305231506/tools/bin/../lib/gcc/arm-none-eabi/11.3.1/../../../../arm-none-eabi/lib/thumb/v7e-m+dp/hard\libc_nano.a(libc_a-rand.o)
                0x0000000008013030                srand
 .text.rand     0x000000000801308c       0x7c C:/ST/STM32CubeIDE_1.13.1/STM32CubeIDE/plugins/com.st.stm32cube.ide.mcu.externaltools.gnu-tools-for-stm32.11.3.rel1.win32_1.1.0.202305231506/tools/bin/../lib/gcc/arm-none-eabi/11.3.1/../../../../arm-none-eabi/lib/thumb/v7e-m+dp/hard\libc_nano.a(libc_a-rand.o)
                0x000000000801308c                rand
 .text._strtol_l.constprop.0
                0x0000000008013108      0x104 C:/ST/STM32CubeIDE_1.13.1/STM32CubeIDE/plugins/com.st.stm32cube.ide.mcu.externaltools.gnu-tools-for-stm32.11.3.rel1.win32_1.1.0.202305231506/tools/bin/../lib/gcc/arm-none-eabi/11.3.1/../../../../arm-none-eabi/lib/thumb/v7e-m+dp/hard\libc_nano.a(libc_a-strtol.o)
 .text.strtol   0x000000000801320c       0x14 C:/ST/STM32CubeIDE_1.13.1/STM32CubeIDE/plugins/com.st.stm32cube.ide.mcu.externaltools.gnu-tools-for-stm32.11.3.rel1.win32_1.1.0.202305231506/tools/bin/../lib/gcc/arm-none-eabi/11.3.1/../../../../arm-none-eabi/lib/thumb/v7e-m+dp/hard\libc_nano.a(libc_a-strtol.o)
                0x000000000801320c                strtol
 .text.std      0x0000000008013220       0x48 C:/ST/STM32CubeIDE_1.13.1/STM32CubeIDE/plugins/com.st.stm32cube.ide.mcu.externaltools.gnu-tools-for-stm32.11.3.rel1.win32_1.1.0.202305231506/tools/bin/../lib/gcc/arm-none-eabi/11.3.1/../../../../arm-none-eabi/lib/thumb/v7e-m+dp/hard\libc_nano.a(libc_a-findfp.o)
 .text.stdio_exit_handler
                0x0000000008013268       0x18 C:/ST/STM32CubeIDE_1.13.1/STM32CubeIDE/plugins/com.st.stm32cube.ide.mcu.externaltools.gnu-tools-for-stm32.11.3.rel1.win32_1.1.0.202305231506/tools/bin/../lib/gcc/arm-none-eabi/11.3.1/../../../../arm-none-eabi/lib/thumb/v7e-m+dp/hard\libc_nano.a(libc_a-findfp.o)
 .text.cleanup_stdio
                0x0000000008013280       0x40 C:/ST/STM32CubeIDE_1.13.1/STM32CubeIDE/plugins/com.st.stm32cube.ide.mcu.externaltools.gnu-tools-for-stm32.11.3.rel1.win32_1.1.0.202305231506/tools/bin/../lib/gcc/arm-none-eabi/11.3.1/../../../../arm-none-eabi/lib/thumb/v7e-m+dp/hard\libc_nano.a(libc_a-findfp.o)
 .text.global_stdio_init.part.0
                0x00000000080132c0       0x3c C:/ST/STM32CubeIDE_1.13.1/STM32CubeIDE/plugins/com.st.stm32cube.ide.mcu.externaltools.gnu-tools-for-stm32.11.3.rel1.win32_1.1.0.202305231506/tools/bin/../lib/gcc/arm-none-eabi/11.3.1/../../../../arm-none-eabi/lib/thumb/v7e-m+dp/hard\libc_nano.a(libc_a-findfp.o)
 .text.__sfp_lock_acquire
                0x00000000080132fc        0xc C:/ST/STM32CubeIDE_1.13.1/STM32CubeIDE/plugins/com.st.stm32cube.ide.mcu.externaltools.gnu-tools-for-stm32.11.3.rel1.win32_1.1.0.202305231506/tools/bin/../lib/gcc/arm-none-eabi/11.3.1/../../../../arm-none-eabi/lib/thumb/v7e-m+dp/hard\libc_nano.a(libc_a-findfp.o)
                0x00000000080132fc                __sfp_lock_acquire
 .text.__sfp_lock_release
                0x0000000008013308        0xc C:/ST/STM32CubeIDE_1.13.1/STM32CubeIDE/plugins/com.st.stm32cube.ide.mcu.externaltools.gnu-tools-for-stm32.11.3.rel1.win32_1.1.0.202305231506/tools/bin/../lib/gcc/arm-none-eabi/11.3.1/../../../../arm-none-eabi/lib/thumb/v7e-m+dp/hard\libc_nano.a(libc_a-findfp.o)
                0x0000000008013308                __sfp_lock_release
 .text.__sinit  0x0000000008013314       0x30 C:/ST/STM32CubeIDE_1.13.1/STM32CubeIDE/plugins/com.st.stm32cube.ide.mcu.externaltools.gnu-tools-for-stm32.11.3.rel1.win32_1.1.0.202305231506/tools/bin/../lib/gcc/arm-none-eabi/11.3.1/../../../../arm-none-eabi/lib/thumb/v7e-m+dp/hard\libc_nano.a(libc_a-findfp.o)
                0x0000000008013314                __sinit
 .text.fprintf  0x0000000008013344       0x24 C:/ST/STM32CubeIDE_1.13.1/STM32CubeIDE/plugins/com.st.stm32cube.ide.mcu.externaltools.gnu-tools-for-stm32.11.3.rel1.win32_1.1.0.202305231506/tools/bin/../lib/gcc/arm-none-eabi/11.3.1/../../../../arm-none-eabi/lib/thumb/v7e-m+dp/hard\libc_nano.a(libc_a-fprintf.o)
                0x0000000008013344                fiprintf
                0x0000000008013344                fprintf
 .text._fwalk_sglue
                0x0000000008013368       0x3c C:/ST/STM32CubeIDE_1.13.1/STM32CubeIDE/plugins/com.st.stm32cube.ide.mcu.externaltools.gnu-tools-for-stm32.11.3.rel1.win32_1.1.0.202305231506/tools/bin/../lib/gcc/arm-none-eabi/11.3.1/../../../../arm-none-eabi/lib/thumb/v7e-m+dp/hard\libc_nano.a(libc_a-fwalk.o)
                0x0000000008013368                _fwalk_sglue
 .text.putchar  0x00000000080133a4       0x10 C:/ST/STM32CubeIDE_1.13.1/STM32CubeIDE/plugins/com.st.stm32cube.ide.mcu.externaltools.gnu-tools-for-stm32.11.3.rel1.win32_1.1.0.202305231506/tools/bin/../lib/gcc/arm-none-eabi/11.3.1/../../../../arm-none-eabi/lib/thumb/v7e-m+dp/hard\libc_nano.a(libc_a-putchar.o)
                0x00000000080133a4                putchar
 .text.__sread  0x00000000080133b4       0x22 C:/ST/STM32CubeIDE_1.13.1/STM32CubeIDE/plugins/com.st.stm32cube.ide.mcu.externaltools.gnu-tools-for-stm32.11.3.rel1.win32_1.1.0.202305231506/tools/bin/../lib/gcc/arm-none-eabi/11.3.1/../../../../arm-none-eabi/lib/thumb/v7e-m+dp/hard\libc_nano.a(libc_a-stdio.o)
                0x00000000080133b4                __sread
 .text.__swrite
                0x00000000080133d6       0x38 C:/ST/STM32CubeIDE_1.13.1/STM32CubeIDE/plugins/com.st.stm32cube.ide.mcu.externaltools.gnu-tools-for-stm32.11.3.rel1.win32_1.1.0.202305231506/tools/bin/../lib/gcc/arm-none-eabi/11.3.1/../../../../arm-none-eabi/lib/thumb/v7e-m+dp/hard\libc_nano.a(libc_a-stdio.o)
                0x00000000080133d6                __swrite
 .text.__sseek  0x000000000801340e       0x24 C:/ST/STM32CubeIDE_1.13.1/STM32CubeIDE/plugins/com.st.stm32cube.ide.mcu.externaltools.gnu-tools-for-stm32.11.3.rel1.win32_1.1.0.202305231506/tools/bin/../lib/gcc/arm-none-eabi/11.3.1/../../../../arm-none-eabi/lib/thumb/v7e-m+dp/hard\libc_nano.a(libc_a-stdio.o)
                0x000000000801340e                __sseek
 .text.__sclose
                0x0000000008013432        0x8 C:/ST/STM32CubeIDE_1.13.1/STM32CubeIDE/plugins/com.st.stm32cube.ide.mcu.externaltools.gnu-tools-for-stm32.11.3.rel1.win32_1.1.0.202305231506/tools/bin/../lib/gcc/arm-none-eabi/11.3.1/../../../../arm-none-eabi/lib/thumb/v7e-m+dp/hard\libc_nano.a(libc_a-stdio.o)
                0x0000000008013432                __sclose
 .text.memcmp   0x000000000801343a       0x20 C:/ST/STM32CubeIDE_1.13.1/STM32CubeIDE/plugins/com.st.stm32cube.ide.mcu.externaltools.gnu-tools-for-stm32.11.3.rel1.win32_1.1.0.202305231506/tools/bin/../lib/gcc/arm-none-eabi/11.3.1/../../../../arm-none-eabi/lib/thumb/v7e-m+dp/hard\libc_nano.a(libc_a-memcmp.o)
                0x000000000801343a                memcmp
 .text.memmove  0x000000000801345a       0x34 C:/ST/STM32CubeIDE_1.13.1/STM32CubeIDE/plugins/com.st.stm32cube.ide.mcu.externaltools.gnu-tools-for-stm32.11.3.rel1.win32_1.1.0.202305231506/tools/bin/../lib/gcc/arm-none-eabi/11.3.1/../../../../arm-none-eabi/lib/thumb/v7e-m+dp/hard\libc_nano.a(libc_a-memmove.o)
                0x000000000801345a                memmove
 .text.memset   0x000000000801348e       0x10 C:/ST/STM32CubeIDE_1.13.1/STM32CubeIDE/plugins/com.st.stm32cube.ide.mcu.externaltools.gnu-tools-for-stm32.11.3.rel1.win32_1.1.0.202305231506/tools/bin/../lib/gcc/arm-none-eabi/11.3.1/../../../../arm-none-eabi/lib/thumb/v7e-m+dp/hard\libc_nano.a(libc_a-memset.o)
                0x000000000801348e                memset
 .text.strchr   0x000000000801349e       0x1a C:/ST/STM32CubeIDE_1.13.1/STM32CubeIDE/plugins/com.st.stm32cube.ide.mcu.externaltools.gnu-tools-for-stm32.11.3.rel1.win32_1.1.0.202305231506/tools/bin/../lib/gcc/arm-none-eabi/11.3.1/../../../../arm-none-eabi/lib/thumb/v7e-m+dp/hard\libc_nano.a(libc_a-strchr.o)
                0x000000000801349e                strchr
 .text.strdup   0x00000000080134b8       0x10 C:/ST/STM32CubeIDE_1.13.1/STM32CubeIDE/plugins/com.st.stm32cube.ide.mcu.externaltools.gnu-tools-for-stm32.11.3.rel1.win32_1.1.0.202305231506/tools/bin/../lib/gcc/arm-none-eabi/11.3.1/../../../../arm-none-eabi/lib/thumb/v7e-m+dp/hard\libc_nano.a(libc_a-strdup.o)
                0x00000000080134b8                strdup
 .text._strdup_r
                0x00000000080134c8       0x2a C:/ST/STM32CubeIDE_1.13.1/STM32CubeIDE/plugins/com.st.stm32cube.ide.mcu.externaltools.gnu-tools-for-stm32.11.3.rel1.win32_1.1.0.202305231506/tools/bin/../lib/gcc/arm-none-eabi/11.3.1/../../../../arm-none-eabi/lib/thumb/v7e-m+dp/hard\libc_nano.a(libc_a-strdup_r.o)
                0x00000000080134c8                _strdup_r
 .text.strncmp  0x00000000080134f2       0x24 C:/ST/STM32CubeIDE_1.13.1/STM32CubeIDE/plugins/com.st.stm32cube.ide.mcu.externaltools.gnu-tools-for-stm32.11.3.rel1.win32_1.1.0.202305231506/tools/bin/../lib/gcc/arm-none-eabi/11.3.1/../../../../arm-none-eabi/lib/thumb/v7e-m+dp/hard\libc_nano.a(libc_a-strncmp.o)
                0x00000000080134f2                strncmp
 .text.strrchr  0x0000000008013516       0x30 C:/ST/STM32CubeIDE_1.13.1/STM32CubeIDE/plugins/com.st.stm32cube.ide.mcu.externaltools.gnu-tools-for-stm32.11.3.rel1.win32_1.1.0.202305231506/tools/bin/../lib/gcc/arm-none-eabi/11.3.1/../../../../arm-none-eabi/lib/thumb/v7e-m+dp/hard\libc_nano.a(libc_a-strrchr.o)
                0x0000000008013516                strrchr
 *fill*         0x0000000008013546        0x2 
 .text._close_r
                0x0000000008013548       0x20 C:/ST/STM32CubeIDE_1.13.1/STM32CubeIDE/plugins/com.st.stm32cube.ide.mcu.externaltools.gnu-tools-for-stm32.11.3.rel1.win32_1.1.0.202305231506/tools/bin/../lib/gcc/arm-none-eabi/11.3.1/../../../../arm-none-eabi/lib/thumb/v7e-m+dp/hard\libc_nano.a(libc_a-closer.o)
                0x0000000008013548                _close_r
 .text._lseek_r
                0x0000000008013568       0x24 C:/ST/STM32CubeIDE_1.13.1/STM32CubeIDE/plugins/com.st.stm32cube.ide.mcu.externaltools.gnu-tools-for-stm32.11.3.rel1.win32_1.1.0.202305231506/tools/bin/../lib/gcc/arm-none-eabi/11.3.1/../../../../arm-none-eabi/lib/thumb/v7e-m+dp/hard\libc_nano.a(libc_a-lseekr.o)
                0x0000000008013568                _lseek_r
 .text._read_r  0x000000000801358c       0x24 C:/ST/STM32CubeIDE_1.13.1/STM32CubeIDE/plugins/com.st.stm32cube.ide.mcu.externaltools.gnu-tools-for-stm32.11.3.rel1.win32_1.1.0.202305231506/tools/bin/../lib/gcc/arm-none-eabi/11.3.1/../../../../arm-none-eabi/lib/thumb/v7e-m+dp/hard\libc_nano.a(libc_a-readr.o)
                0x000000000801358c                _read_r
 .text._sbrk_r  0x00000000080135b0       0x20 C:/ST/STM32CubeIDE_1.13.1/STM32CubeIDE/plugins/com.st.stm32cube.ide.mcu.externaltools.gnu-tools-for-stm32.11.3.rel1.win32_1.1.0.202305231506/tools/bin/../lib/gcc/arm-none-eabi/11.3.1/../../../../arm-none-eabi/lib/thumb/v7e-m+dp/hard\libc_nano.a(libc_a-sbrkr.o)
                0x00000000080135b0                _sbrk_r
 .text._write_r
                0x00000000080135d0       0x24 C:/ST/STM32CubeIDE_1.13.1/STM32CubeIDE/plugins/com.st.stm32cube.ide.mcu.externaltools.gnu-tools-for-stm32.11.3.rel1.win32_1.1.0.202305231506/tools/bin/../lib/gcc/arm-none-eabi/11.3.1/../../../../arm-none-eabi/lib/thumb/v7e-m+dp/hard\libc_nano.a(libc_a-writer.o)
                0x00000000080135d0                _write_r
 .text.__errno  0x00000000080135f4        0xc C:/ST/STM32CubeIDE_1.13.1/STM32CubeIDE/plugins/com.st.stm32cube.ide.mcu.externaltools.gnu-tools-for-stm32.11.3.rel1.win32_1.1.0.202305231506/tools/bin/../lib/gcc/arm-none-eabi/11.3.1/../../../../arm-none-eabi/lib/thumb/v7e-m+dp/hard\libc_nano.a(libc_a-errno.o)
                0x00000000080135f4                __errno
 .text.__libc_init_array
                0x0000000008013600       0x48 C:/ST/STM32CubeIDE_1.13.1/STM32CubeIDE/plugins/com.st.stm32cube.ide.mcu.externaltools.gnu-tools-for-stm32.11.3.rel1.win32_1.1.0.202305231506/tools/bin/../lib/gcc/arm-none-eabi/11.3.1/../../../../arm-none-eabi/lib/thumb/v7e-m+dp/hard\libc_nano.a(libc_a-init.o)
                0x0000000008013600                __libc_init_array
 .text.__retarget_lock_acquire_recursive
                0x0000000008013648        0x2 C:/ST/STM32CubeIDE_1.13.1/STM32CubeIDE/plugins/com.st.stm32cube.ide.mcu.externaltools.gnu-tools-for-stm32.11.3.rel1.win32_1.1.0.202305231506/tools/bin/../lib/gcc/arm-none-eabi/11.3.1/../../../../arm-none-eabi/lib/thumb/v7e-m+dp/hard\libc_nano.a(libc_a-lock.o)
                0x0000000008013648                __retarget_lock_acquire_recursive
 .text.__retarget_lock_release_recursive
                0x000000000801364a        0x2 C:/ST/STM32CubeIDE_1.13.1/STM32CubeIDE/plugins/com.st.stm32cube.ide.mcu.externaltools.gnu-tools-for-stm32.11.3.rel1.win32_1.1.0.202305231506/tools/bin/../lib/gcc/arm-none-eabi/11.3.1/../../../../arm-none-eabi/lib/thumb/v7e-m+dp/hard\libc_nano.a(libc_a-lock.o)
                0x000000000801364a                __retarget_lock_release_recursive
 .text.strcpy   0x000000000801364c       0x10 C:/ST/STM32CubeIDE_1.13.1/STM32CubeIDE/plugins/com.st.stm32cube.ide.mcu.externaltools.gnu-tools-for-stm32.11.3.rel1.win32_1.1.0.202305231506/tools/bin/../lib/gcc/arm-none-eabi/11.3.1/../../../../arm-none-eabi/lib/thumb/v7e-m+dp/hard\libc_nano.a(libc_a-strcpy.o)
                0x000000000801364c                strcpy
 .text.memcpy   0x000000000801365c       0x1c C:/ST/STM32CubeIDE_1.13.1/STM32CubeIDE/plugins/com.st.stm32cube.ide.mcu.externaltools.gnu-tools-for-stm32.11.3.rel1.win32_1.1.0.202305231506/tools/bin/../lib/gcc/arm-none-eabi/11.3.1/../../../../arm-none-eabi/lib/thumb/v7e-m+dp/hard\libc_nano.a(libc_a-memcpy-stub.o)
                0x000000000801365c                memcpy
 .text.abort    0x0000000008013678        0xe C:/ST/STM32CubeIDE_1.13.1/STM32CubeIDE/plugins/com.st.stm32cube.ide.mcu.externaltools.gnu-tools-for-stm32.11.3.rel1.win32_1.1.0.202305231506/tools/bin/../lib/gcc/arm-none-eabi/11.3.1/../../../../arm-none-eabi/lib/thumb/v7e-m+dp/hard\libc_nano.a(libc_a-abort.o)
                0x0000000008013678                abort
 *fill*         0x0000000008013686        0x2 
 .text._free_r  0x0000000008013688       0x98 C:/ST/STM32CubeIDE_1.13.1/STM32CubeIDE/plugins/com.st.stm32cube.ide.mcu.externaltools.gnu-tools-for-stm32.11.3.rel1.win32_1.1.0.202305231506/tools/bin/../lib/gcc/arm-none-eabi/11.3.1/../../../../arm-none-eabi/lib/thumb/v7e-m+dp/hard\libc_nano.a(libc_a-freer.o)
                0x0000000008013688                _free_r
 .text.__sfputc_r
                0x0000000008013720       0x2e C:/ST/STM32CubeIDE_1.13.1/STM32CubeIDE/plugins/com.st.stm32cube.ide.mcu.externaltools.gnu-tools-for-stm32.11.3.rel1.win32_1.1.0.202305231506/tools/bin/../lib/gcc/arm-none-eabi/11.3.1/../../../../arm-none-eabi/lib/thumb/v7e-m+dp/hard\libc_nano.a(libc_a-nano-vfprintf.o)
 .text.__sfputs_r
                0x000000000801374e       0x24 C:/ST/STM32CubeIDE_1.13.1/STM32CubeIDE/plugins/com.st.stm32cube.ide.mcu.externaltools.gnu-tools-for-stm32.11.3.rel1.win32_1.1.0.202305231506/tools/bin/../lib/gcc/arm-none-eabi/11.3.1/../../../../arm-none-eabi/lib/thumb/v7e-m+dp/hard\libc_nano.a(libc_a-nano-vfprintf.o)
                0x000000000801374e                __sfputs_r
 *fill*         0x0000000008013772        0x2 
 .text._vfprintf_r
                0x0000000008013774      0x234 C:/ST/STM32CubeIDE_1.13.1/STM32CubeIDE/plugins/com.st.stm32cube.ide.mcu.externaltools.gnu-tools-for-stm32.11.3.rel1.win32_1.1.0.202305231506/tools/bin/../lib/gcc/arm-none-eabi/11.3.1/../../../../arm-none-eabi/lib/thumb/v7e-m+dp/hard\libc_nano.a(libc_a-nano-vfprintf.o)
                0x0000000008013774                _vfprintf_r
                0x0000000008013774                _vfiprintf_r
 .text._printf_common
                0x00000000080139a8       0xda C:/ST/STM32CubeIDE_1.13.1/STM32CubeIDE/plugins/com.st.stm32cube.ide.mcu.externaltools.gnu-tools-for-stm32.11.3.rel1.win32_1.1.0.202305231506/tools/bin/../lib/gcc/arm-none-eabi/11.3.1/../../../../arm-none-eabi/lib/thumb/v7e-m+dp/hard\libc_nano.a(libc_a-nano-vfprintf_i.o)
                0x00000000080139a8                _printf_common
 *fill*         0x0000000008013a82        0x2 
 .text._printf_i
                0x0000000008013a84      0x244 C:/ST/STM32CubeIDE_1.13.1/STM32CubeIDE/plugins/com.st.stm32cube.ide.mcu.externaltools.gnu-tools-for-stm32.11.3.rel1.win32_1.1.0.202305231506/tools/bin/../lib/gcc/arm-none-eabi/11.3.1/../../../../arm-none-eabi/lib/thumb/v7e-m+dp/hard\libc_nano.a(libc_a-nano-vfprintf_i.o)
                0x0000000008013a84                _printf_i
 .text.__sflush_r
                0x0000000008013cc8      0x10c C:/ST/STM32CubeIDE_1.13.1/STM32CubeIDE/plugins/com.st.stm32cube.ide.mcu.externaltools.gnu-tools-for-stm32.11.3.rel1.win32_1.1.0.202305231506/tools/bin/../lib/gcc/arm-none-eabi/11.3.1/../../../../arm-none-eabi/lib/thumb/v7e-m+dp/hard\libc_nano.a(libc_a-fflush.o)
                0x0000000008013cc8                __sflush_r
 .text._fflush_r
                0x0000000008013dd4       0x50 C:/ST/STM32CubeIDE_1.13.1/STM32CubeIDE/plugins/com.st.stm32cube.ide.mcu.externaltools.gnu-tools-for-stm32.11.3.rel1.win32_1.1.0.202305231506/tools/bin/../lib/gcc/arm-none-eabi/11.3.1/../../../../arm-none-eabi/lib/thumb/v7e-m+dp/hard\libc_nano.a(libc_a-fflush.o)
                0x0000000008013dd4                _fflush_r
 .text._putc_r  0x0000000008013e24       0x68 C:/ST/STM32CubeIDE_1.13.1/STM32CubeIDE/plugins/com.st.stm32cube.ide.mcu.externaltools.gnu-tools-for-stm32.11.3.rel1.win32_1.1.0.202305231506/tools/bin/../lib/gcc/arm-none-eabi/11.3.1/../../../../arm-none-eabi/lib/thumb/v7e-m+dp/hard\libc_nano.a(libc_a-putc.o)
                0x0000000008013e24                _putc_r
 .text.__swbuf_r
                0x0000000008013e8c       0x7a C:/ST/STM32CubeIDE_1.13.1/STM32CubeIDE/plugins/com.st.stm32cube.ide.mcu.externaltools.gnu-tools-for-stm32.11.3.rel1.win32_1.1.0.202305231506/tools/bin/../lib/gcc/arm-none-eabi/11.3.1/../../../../arm-none-eabi/lib/thumb/v7e-m+dp/hard\libc_nano.a(libc_a-wbuf.o)
                0x0000000008013e8c                __swbuf_r
 *fill*         0x0000000008013f06        0x2 
 .text.__swsetup_r
                0x0000000008013f08       0xb0 C:/ST/STM32CubeIDE_1.13.1/STM32CubeIDE/plugins/com.st.stm32cube.ide.mcu.externaltools.gnu-tools-for-stm32.11.3.rel1.win32_1.1.0.202305231506/tools/bin/../lib/gcc/arm-none-eabi/11.3.1/../../../../arm-none-eabi/lib/thumb/v7e-m+dp/hard\libc_nano.a(libc_a-wsetup.o)
                0x0000000008013f08                __swsetup_r
 .text._raise_r
                0x0000000008013fb8       0x50 C:/ST/STM32CubeIDE_1.13.1/STM32CubeIDE/plugins/com.st.stm32cube.ide.mcu.externaltools.gnu-tools-for-stm32.11.3.rel1.win32_1.1.0.202305231506/tools/bin/../lib/gcc/arm-none-eabi/11.3.1/../../../../arm-none-eabi/lib/thumb/v7e-m+dp/hard\libc_nano.a(libc_a-signal.o)
                0x0000000008013fb8                _raise_r
 .text.raise    0x0000000008014008       0x10 C:/ST/STM32CubeIDE_1.13.1/STM32CubeIDE/plugins/com.st.stm32cube.ide.mcu.externaltools.gnu-tools-for-stm32.11.3.rel1.win32_1.1.0.202305231506/tools/bin/../lib/gcc/arm-none-eabi/11.3.1/../../../../arm-none-eabi/lib/thumb/v7e-m+dp/hard\libc_nano.a(libc_a-signal.o)
                0x0000000008014008                raise
 .text._kill_r  0x0000000008014018       0x24 C:/ST/STM32CubeIDE_1.13.1/STM32CubeIDE/plugins/com.st.stm32cube.ide.mcu.externaltools.gnu-tools-for-stm32.11.3.rel1.win32_1.1.0.202305231506/tools/bin/../lib/gcc/arm-none-eabi/11.3.1/../../../../arm-none-eabi/lib/thumb/v7e-m+dp/hard\libc_nano.a(libc_a-signalr.o)
                0x0000000008014018                _kill_r
 .text._getpid_r
                0x000000000801403c        0x4 C:/ST/STM32CubeIDE_1.13.1/STM32CubeIDE/plugins/com.st.stm32cube.ide.mcu.externaltools.gnu-tools-for-stm32.11.3.rel1.win32_1.1.0.202305231506/tools/bin/../lib/gcc/arm-none-eabi/11.3.1/../../../../arm-none-eabi/lib/thumb/v7e-m+dp/hard\libc_nano.a(libc_a-signalr.o)
                0x000000000801403c                _getpid_r
 .text.__swhatbuf_r
                0x0000000008014040       0x4c C:/ST/STM32CubeIDE_1.13.1/STM32CubeIDE/plugins/com.st.stm32cube.ide.mcu.externaltools.gnu-tools-for-stm32.11.3.rel1.win32_1.1.0.202305231506/tools/bin/../lib/gcc/arm-none-eabi/11.3.1/../../../../arm-none-eabi/lib/thumb/v7e-m+dp/hard\libc_nano.a(libc_a-makebuf.o)
                0x0000000008014040                __swhatbuf_r
 .text.__smakebuf_r
                0x000000000801408c       0x78 C:/ST/STM32CubeIDE_1.13.1/STM32CubeIDE/plugins/com.st.stm32cube.ide.mcu.externaltools.gnu-tools-for-stm32.11.3.rel1.win32_1.1.0.202305231506/tools/bin/../lib/gcc/arm-none-eabi/11.3.1/../../../../arm-none-eabi/lib/thumb/v7e-m+dp/hard\libc_nano.a(libc_a-makebuf.o)
                0x000000000801408c                __smakebuf_r
 .text._fstat_r
                0x0000000008014104       0x24 C:/ST/STM32CubeIDE_1.13.1/STM32CubeIDE/plugins/com.st.stm32cube.ide.mcu.externaltools.gnu-tools-for-stm32.11.3.rel1.win32_1.1.0.202305231506/tools/bin/../lib/gcc/arm-none-eabi/11.3.1/../../../../arm-none-eabi/lib/thumb/v7e-m+dp/hard\libc_nano.a(libc_a-fstatr.o)
                0x0000000008014104                _fstat_r
 .text._isatty_r
                0x0000000008014128       0x20 C:/ST/STM32CubeIDE_1.13.1/STM32CubeIDE/plugins/com.st.stm32cube.ide.mcu.externaltools.gnu-tools-for-stm32.11.3.rel1.win32_1.1.0.202305231506/tools/bin/../lib/gcc/arm-none-eabi/11.3.1/../../../../arm-none-eabi/lib/thumb/v7e-m+dp/hard\libc_nano.a(libc_a-isattyr.o)
                0x0000000008014128                _isatty_r
 *(.glue_7)
 .glue_7        0x0000000008014148        0x0 linker stubs
 *(.glue_7t)
 .glue_7t       0x0000000008014148        0x0 linker stubs
 *(.eh_frame)
 .eh_frame      0x0000000008014148        0x0 C:/ST/STM32CubeIDE_1.13.1/STM32CubeIDE/plugins/com.st.stm32cube.ide.mcu.externaltools.gnu-tools-for-stm32.11.3.rel1.win32_1.1.0.202305231506/tools/bin/../lib/gcc/arm-none-eabi/11.3.1/thumb/v7e-m+dp/hard/crtbegin.o
 *(.init)
 .init          0x0000000008014148        0x4 C:/ST/STM32CubeIDE_1.13.1/STM32CubeIDE/plugins/com.st.stm32cube.ide.mcu.externaltools.gnu-tools-for-stm32.11.3.rel1.win32_1.1.0.202305231506/tools/bin/../lib/gcc/arm-none-eabi/11.3.1/thumb/v7e-m+dp/hard/crti.o
                0x0000000008014148                _init
 .init          0x000000000801414c        0x8 C:/ST/STM32CubeIDE_1.13.1/STM32CubeIDE/plugins/com.st.stm32cube.ide.mcu.externaltools.gnu-tools-for-stm32.11.3.rel1.win32_1.1.0.202305231506/tools/bin/../lib/gcc/arm-none-eabi/11.3.1/thumb/v7e-m+dp/hard/crtn.o
 *(.fini)
 .fini          0x0000000008014154        0x4 C:/ST/STM32CubeIDE_1.13.1/STM32CubeIDE/plugins/com.st.stm32cube.ide.mcu.externaltools.gnu-tools-for-stm32.11.3.rel1.win32_1.1.0.202305231506/tools/bin/../lib/gcc/arm-none-eabi/11.3.1/thumb/v7e-m+dp/hard/crti.o
                0x0000000008014154                _fini
 .fini          0x0000000008014158        0x8 C:/ST/STM32CubeIDE_1.13.1/STM32CubeIDE/plugins/com.st.stm32cube.ide.mcu.externaltools.gnu-tools-for-stm32.11.3.rel1.win32_1.1.0.202305231506/tools/bin/../lib/gcc/arm-none-eabi/11.3.1/thumb/v7e-m+dp/hard/crtn.o
                0x0000000008014160                . = ALIGN (0x4)
                0x0000000008014160                _etext = .

.vfp11_veneer   0x0000000008014160        0x0
 .vfp11_veneer  0x0000000008014160        0x0 linker stubs

.v4_bx          0x0000000008014160        0x0
 .v4_bx         0x0000000008014160        0x0 linker stubs

.iplt           0x0000000008014160        0x0
 .iplt          0x0000000008014160        0x0 C:/ST/STM32CubeIDE_1.13.1/STM32CubeIDE/plugins/com.st.stm32cube.ide.mcu.externaltools.gnu-tools-for-stm32.11.3.rel1.win32_1.1.0.202305231506/tools/bin/../lib/gcc/arm-none-eabi/11.3.1/thumb/v7e-m+dp/hard/crtbegin.o

.rodata         0x0000000008014160     0x2fe0
                0x0000000008014160                . = ALIGN (0x4)
 *(.rodata)
 .rodata        0x0000000008014160      0x102 ./Core/Src/main.o
 *fill*         0x0000000008014262        0x2 
 .rodata        0x0000000008014264     0x184d ./Core/Src/mongoose.o
 *fill*         0x0000000008015ab1        0x3 
 .rodata        0x0000000008015ab4      0x6c4 ./Core/Src/net.o
 .rodata        0x0000000008016178       0x15 ./Core/Src/packed_fs.o
 *(.rodata*)
 *fill*         0x000000000801618d        0x3 
 .rodata.__func__.2
                0x0000000008016190        0x9 ./Core/Src/main.o
 *fill*         0x0000000008016199        0x3 
 .rodata.__func__.1
                0x000000000801619c        0x5 ./Core/Src/main.o
 *fill*         0x00000000080161a1        0x3 
 .rodata.broadcast
                0x00000000080161a4        0x6 ./Core/Src/mongoose.o
 *fill*         0x00000000080161aa        0x2 
 .rodata.__func__.45
                0x00000000080161ac        0x7 ./Core/Src/mongoose.o
 *fill*         0x00000000080161b3        0x1 
 .rodata.__func__.44
                0x00000000080161b4        0xd ./Core/Src/mongoose.o
 *fill*         0x00000000080161c1        0x3 
 .rodata.__func__.43
                0x00000000080161c4        0x9 ./Core/Src/mongoose.o
 *fill*         0x00000000080161cd        0x3 
 .rodata.__func__.41
                0x00000000080161d0        0xd ./Core/Src/mongoose.o
 *fill*         0x00000000080161dd        0x3 
 .rodata.__func__.39
                0x00000000080161e0       0x10 ./Core/Src/mongoose.o
 .rodata.__func__.38
                0x00000000080161f0        0xb ./Core/Src/mongoose.o
 *fill*         0x00000000080161fb        0x1 
 .rodata.__func__.35
                0x00000000080161fc        0xe ./Core/Src/mongoose.o
 *fill*         0x000000000801620a        0x2 
 .rodata.__func__.34
                0x000000000801620c        0xb ./Core/Src/mongoose.o
 *fill*         0x0000000008016217        0x1 
 .rodata.__func__.33
                0x0000000008016218        0xa ./Core/Src/mongoose.o
 *fill*         0x0000000008016222        0x2 
 .rodata.__func__.31
                0x0000000008016224       0x12 ./Core/Src/mongoose.o
 *fill*         0x0000000008016236        0x2 
 .rodata.__func__.30
                0x0000000008016238        0xe ./Core/Src/mongoose.o
 *fill*         0x0000000008016246        0x2 
 .rodata.__func__.29
                0x0000000008016248        0xd ./Core/Src/mongoose.o
 *fill*         0x0000000008016255        0x3 
 .rodata.__func__.28
                0x0000000008016258        0xd ./Core/Src/mongoose.o
 *fill*         0x0000000008016265        0x3 
 .rodata.__func__.27
                0x0000000008016268        0xe ./Core/Src/mongoose.o
 *fill*         0x0000000008016276        0x2 
 .rodata.__func__.26
                0x0000000008016278        0x8 ./Core/Src/mongoose.o
 .rodata.__func__.25
                0x0000000008016280       0x10 ./Core/Src/mongoose.o
 .rodata.crclut.24
                0x0000000008016290       0x40 ./Core/Src/mongoose.o
 .rodata.__func__.21
                0x00000000080162d0        0x9 ./Core/Src/mongoose.o
 *fill*         0x00000000080162d9        0x3 
 .rodata.__func__.20
                0x00000000080162dc        0xd ./Core/Src/mongoose.o
 *fill*         0x00000000080162e9        0x3 
 .rodata.__func__.19